Archive member included to satisfy reference by file (symbol)

libbb/lib.a(appletlib.o)      /workspace_disk2/xsq_workspace/sdk_linux_rv1126_rv1109/buildroot/output/rockchip_g710s_rv1126_rv1109/host/arm-buildroot-linux-gnueabihf/sysroot/usr/lib/crt1.o (main)
libbb/lib.a(compare_string_array.o)
                              libbb/lib.a(appletlib.o) (is_prefixed_with)
libbb/lib.a(concat_path_file.o)
                              libbb/lib.a(appletlib.o) (concat_path_file)
libbb/lib.a(default_error_retval.o)
                              libbb/lib.a(appletlib.o) (xfunc_error_retval)
libbb/lib.a(get_last_path_component.o)
                              libbb/lib.a(appletlib.o) (bb_basename)
libbb/lib.a(last_char_is.o)   libbb/lib.a(concat_path_file.o) (last_char_is)
libbb/lib.a(messages.o)       libbb/lib.a(appletlib.o) (bb_busybox_exec_path)
libbb/lib.a(perror_msg.o)     libbb/lib.a(appletlib.o) (bb_simple_perror_msg)
libbb/lib.a(ptr_to_globals.o)
                              libbb/lib.a(appletlib.o) (bb_errno)
libbb/lib.a(verror_msg.o)     libbb/lib.a(perror_msg.o) (bb_verror_msg)
libbb/lib.a(xfunc_die.o)      libbb/lib.a(appletlib.o) (xfunc_die)
libbb/lib.a(xfuncs.o)         libbb/lib.a(appletlib.o) (full_write2_str)
libbb/lib.a(xfuncs_printf.o)  libbb/lib.a(verror_msg.o) (fflush_all)
libbb/lib.a(xreadlink.o)      libbb/lib.a(appletlib.o) (xmalloc_readlink)
libbb/lib.a(copyfd.o)         libbb/lib.a(xfuncs_printf.o) (bb_copyfd_eof)
libbb/lib.a(full_write.o)     libbb/lib.a(verror_msg.o) (full_write)
libbb/lib.a(read.o)           libbb/lib.a(copyfd.o) (safe_read)
libbb/lib.a(safe_write.o)     libbb/lib.a(full_write.o) (safe_write)
libbb/lib.a(signals.o)        libbb/lib.a(xfuncs_printf.o) (kill_myself_with_sig)
libbb/lib.a(time.o)           libbb/lib.a(xfuncs_printf.o) (monotonic_us)
libbb/lib.a(bb_strtonum.o)    libbb/lib.a(time.o) (bb_strtol)
loginutils/lib.a(getty.o)     libbb/lib.a(appletlib.o) (getty_main)
loginutils/lib.a(login.o)     libbb/lib.a(appletlib.o) (login_main)
loginutils/lib.a(passwd.o)    libbb/lib.a(appletlib.o) (passwd_main)
loginutils/lib.a(su.o)        libbb/lib.a(appletlib.o) (su_main)
loginutils/lib.a(sulogin.o)   libbb/lib.a(appletlib.o) (sulogin_main)
miscutils/lib.a(crond.o)      libbb/lib.a(appletlib.o) (crond_main)
miscutils/lib.a(crontab.o)    libbb/lib.a(appletlib.o) (crontab_main)
miscutils/lib.a(dc.o)         libbb/lib.a(appletlib.o) (dc_main)
miscutils/lib.a(devmem.o)     libbb/lib.a(appletlib.o) (devmem_main)
miscutils/lib.a(hdparm.o)     libbb/lib.a(appletlib.o) (hdparm_main)
miscutils/lib.a(i2c_tools.o)  libbb/lib.a(appletlib.o) (i2cget_main)
miscutils/lib.a(less.o)       libbb/lib.a(appletlib.o) (less_main)
miscutils/lib.a(lsscsi.o)     libbb/lib.a(appletlib.o) (lsscsi_main)
miscutils/lib.a(makedevs.o)   libbb/lib.a(appletlib.o) (makedevs_main)
miscutils/lib.a(microcom.o)   libbb/lib.a(appletlib.o) (microcom_main)
miscutils/lib.a(mt.o)         libbb/lib.a(appletlib.o) (mt_main)
miscutils/lib.a(partprobe.o)  libbb/lib.a(appletlib.o) (partprobe_main)
miscutils/lib.a(runlevel.o)   libbb/lib.a(appletlib.o) (runlevel_main)
miscutils/lib.a(setserial.o)  libbb/lib.a(appletlib.o) (setserial_main)
miscutils/lib.a(strings.o)    libbb/lib.a(appletlib.o) (strings_main)
miscutils/lib.a(time.o)       libbb/lib.a(appletlib.o) (time_main)
miscutils/lib.a(ubirename.o)  libbb/lib.a(appletlib.o) (ubirename_main)
miscutils/lib.a(watchdog.o)   libbb/lib.a(appletlib.o) (watchdog_main)
modutils/lib.a(insmod.o)      libbb/lib.a(appletlib.o) (insmod_main)
modutils/lib.a(lsmod.o)       libbb/lib.a(appletlib.o) (lsmod_main)
modutils/lib.a(modprobe.o)    libbb/lib.a(appletlib.o) (modprobe_main)
modutils/lib.a(modutils.o)    modutils/lib.a(modprobe.o) (moddb_free)
modutils/lib.a(rmmod.o)       libbb/lib.a(appletlib.o) (rmmod_main)
networking/lib.a(arp.o)       libbb/lib.a(appletlib.o) (arp_main)
networking/lib.a(arping.o)    libbb/lib.a(appletlib.o) (arping_main)
networking/lib.a(dnsd.o)      libbb/lib.a(appletlib.o) (dnsd_main)
networking/lib.a(ether-wake.o)
                              libbb/lib.a(appletlib.o) (ether_wake_main)
networking/lib.a(hostname.o)  libbb/lib.a(appletlib.o) (hostname_main)
networking/lib.a(ifconfig.o)  libbb/lib.a(appletlib.o) (ifconfig_main)
networking/lib.a(ifupdown.o)  libbb/lib.a(appletlib.o) (ifupdown_main)
networking/lib.a(inetd.o)     libbb/lib.a(appletlib.o) (inetd_main)
networking/lib.a(interface.o)
                              networking/lib.a(ifconfig.o) (in_ib)
networking/lib.a(ip.o)        libbb/lib.a(appletlib.o) (ipaddr_main)
networking/lib.a(nameif.o)    libbb/lib.a(appletlib.o) (nameif_main)
networking/lib.a(netstat.o)   libbb/lib.a(appletlib.o) (netstat_main)
networking/lib.a(nslookup.o)  libbb/lib.a(appletlib.o) (nslookup_main)
networking/lib.a(ping.o)      libbb/lib.a(appletlib.o) (ping_main)
networking/lib.a(route.o)     networking/lib.a(netstat.o) (bb_displayroutes)
networking/lib.a(ssl_client.o)
[...]
Memory Configuration

Name             Origin             Length             Attributes
*default*        0x0000000000000000 0xffffffffffffffff

Linker script and memory map

LOAD /workspace_disk2/xsq_workspace/sdk_linux_rv1126_rv1109/buildroot/output/rockchip_g710s_rv1126_rv1109/host/arm-buildroot-linux-gnueabihf/sysroot/usr/lib/crt1.o
LOAD /workspace_disk2/xsq_workspace/sdk_linux_rv1126_rv1109/buildroot/output/rockchip_g710s_rv1126_rv1109/host/arm-buildroot-linux-gnueabihf/sysroot/usr/lib/crti.o
LOAD /workspace_disk2/xsq_workspace/sdk_linux_rv1126_rv1109/prebuilts/gcc/linux-x86/arm/gcc-arm-8.3-2019.03-x86_64-arm-linux-gnueabihf/bin/../lib/gcc/arm-linux-gnueabihf/8.3.0/crtbegin.o
START GROUP
LOAD applets/built-in.o
LOAD archival/lib.a
LOAD archival/libarchive/lib.a
LOAD console-tools/lib.a
LOAD coreutils/lib.a
LOAD coreutils/libcoreutils/lib.a
LOAD debianutils/lib.a
LOAD e2fsprogs/lib.a
LOAD editors/lib.a
LOAD findutils/lib.a
LOAD init/lib.a
LOAD libbb/lib.a
LOAD libpwdgrp/lib.a
LOAD loginutils/lib.a
LOAD mailutils/lib.a
LOAD miscutils/lib.a
LOAD modutils/lib.a
LOAD networking/lib.a
LOAD networking/libiproute/lib.a
LOAD networking/udhcp/lib.a
LOAD printutils/lib.a
LOAD procps/lib.a
LOAD runit/lib.a
LOAD selinux/lib.a
LOAD shell/lib.a
LOAD sysklogd/lib.a
LOAD util-linux/lib.a
LOAD util-linux/volume_id/lib.a
LOAD archival/built-in.o
LOAD archival/libarchive/built-in.o
LOAD console-tools/built-in.o
LOAD coreutils/built-in.o
LOAD coreutils/libcoreutils/built-in.o
LOAD debianutils/built-in.o
LOAD e2fsprogs/built-in.o
LOAD editors/built-in.o
LOAD findutils/built-in.o
LOAD init/built-in.o
LOAD libbb/built-in.o
LOAD libpwdgrp/built-in.o
LOAD loginutils/built-in.o
LOAD mailutils/built-in.o
LOAD miscutils/built-in.o
LOAD modutils/built-in.o
LOAD networking/built-in.o
LOAD networking/libiproute/built-in.o
LOAD networking/udhcp/built-in.o
LOAD printutils/built-in.o
LOAD procps/built-in.o
LOAD runit/built-in.o
LOAD selinux/built-in.o
LOAD shell/built-in.o
LOAD sysklogd/built-in.o
LOAD util-linux/built-in.o
LOAD util-linux/volume_id/built-in.o
END GROUP
START GROUP
END GROUP
LOAD /workspace_disk2/xsq_workspace/sdk_linux_rv1126_rv1109/prebuilts/gcc/linux-x86/arm/gcc-arm-8.3-2019.03-x86_64-arm-linux-gnueabihf/bin/../lib/gcc/arm-linux-gnueabihf/8.3.0/libgcc.a
LOAD /workspace_disk2/xsq_workspace/sdk_linux_rv1126_rv1109/prebuilts/gcc/linux-x86/arm/gcc-arm-8.3-2019.03-x86_64-arm-linux-gnueabihf/bin/../lib/gcc/arm-linux-gnueabihf/8.3.0/libgcc_eh.a
LOAD /workspace_disk2/xsq_workspace/sdk_linux_rv1126_rv1109/buildroot/output/rockchip_g710s_rv1126_rv1109/host/arm-buildroot-linux-gnueabihf/sysroot/usr/lib/libc.so
START GROUP
LOAD /workspace_disk2/xsq_workspace/sdk_linux_rv1126_rv1109/buildroot/output/rockchip_g710s_rv1126_rv1109/host/arm-buildroot-linux-gnueabihf/sysroot/lib/libc.so.6
LOAD /workspace_disk2/xsq_workspace/sdk_linux_rv1126_rv1109/buildroot/output/rockchip_g710s_rv1126_rv1109/host/arm-buildroot-linux-gnueabihf/sysroot/usr/lib/libc_nonshared.a
LOAD /workspace_disk2/xsq_workspace/sdk_linux_rv1126_rv1109/buildroot/output/rockchip_g710s_rv1126_rv1109/host/arm-buildroot-linux-gnueabihf/sysroot/lib/ld-linux-armhf.so.3
END GROUP
LOAD /workspace_disk2/xsq_workspace/sdk_linux_rv1126_rv1109/prebuilts/gcc/linux-x86/arm/gcc-arm-8.3-2019.03-x86_64-arm-linux-gnueabihf/bin/../lib/gcc/arm-linux-gnueabihf/8.3.0/libgcc.a
LOAD /workspace_disk2/xsq_workspace/sdk_linux_rv1126_rv1109/prebuilts/gcc/linux-x86/arm/gcc-arm-8.3-2019.03-x86_64-arm-linux-gnueabihf/bin/../lib/gcc/arm-linux-gnueabihf/8.3.0/libgcc_eh.a
LOAD /workspace_disk2/xsq_workspace/sdk_linux_rv1126_rv1109/prebuilts/gcc/linux-x86/arm/gcc-arm-8.3-2019.03-x86_64-arm-linux-gnueabihf/bin/../lib/gcc/arm-linux-gnueabihf/8.3.0/crtend.o
LOAD /workspace_disk2/xsq_workspace/sdk_linux_rv1126_rv1109/buildroot/output/rockchip_g710s_rv1126_rv1109/host/arm-buildroot-linux-gnueabihf/sysroot/usr/lib/crtn.o
                [!provide]                        PROVIDE (__executable_start = SEGMENT_START ("text-segment", 0x10000))
                0x0000000000010154                . = (SEGMENT_START ("text-segment", 0x10000) + SIZEOF_HEADERS)

.interp         0x0000000000010154       0x19
 *(SORT_BY_ALIGNMENT(.interp))
 .interp        0x0000000000010154       0x19 /workspace_disk2/xsq_workspace/sdk_linux_rv1126_rv1109/buildroot/output/rockchip_g710s_rv1126_rv1109/host/arm-buildroot-linux-gnueabihf/sysroot/usr/lib/crt1.o

.note.ABI-tag   0x0000000000010170       0x20
 .note.ABI-tag  0x0000000000010170       0x20 /workspace_disk2/xsq_workspace/sdk_linux_rv1126_rv1109/buildroot/output/rockchip_g710s_rv1126_rv1109/host/arm-buildroot-linux-gnueabihf/sysroot/usr/lib/crt1.o

.note.gnu.build-id
 *(SORT_BY_ALIGNMENT(.note.gnu.build-id))

.hash           0x0000000000010190      0x974
 *(SORT_BY_ALIGNMENT(.hash))
 .hash          0x0000000000010190      0x974 /workspace_disk2/xsq_workspace/sdk_linux_rv1126_rv1109/buildroot/output/rockchip_g710s_rv1126_rv1109/host/arm-buildroot-linux-gnueabihf/sysroot/usr/lib/crt1.o

.gnu.hash       0x0000000000010b04      0xa74
 *(SORT_BY_ALIGNMENT(.gnu.hash))
 .gnu.hash      0x0000000000010b04      0xa74 /workspace_disk2/xsq_workspace/sdk_linux_rv1126_rv1109/buildroot/output/rockchip_g710s_rv1126_rv1109/host/arm-buildroot-linux-gnueabihf/sysroot/usr/lib/crt1.o

.dynsym         0x0000000000011578     0x1540
 *(SORT_BY_ALIGNMENT(.dynsym))
 .dynsym        0x0000000000011578     0x1540 /workspace_disk2/xsq_workspace/sdk_linux_rv1126_rv1109/buildroot/output/rockchip_g710s_rv1126_rv1109/host/arm-buildroot-linux-gnueabihf/sysroot/usr/lib/crt1.o

.dynstr         0x0000000000012ab8      0xb38
 *(SORT_BY_ALIGNMENT(.dynstr))
 .dynstr        0x0000000000012ab8      0xb38 /workspace_disk2/xsq_workspace/sdk_linux_rv1126_rv1109/buildroot/output/rockchip_g710s_rv1126_rv1109/host/arm-buildroot-linux-gnueabihf/sysroot/usr/lib/crt1.o

.gnu.version    0x00000000000135f0      0x2a8
 *(SORT_BY_ALIGNMENT(.gnu.version))
 .gnu.version   0x00000000000135f0      0x2a8 /workspace_disk2/xsq_workspace/sdk_linux_rv1126_rv1109/buildroot/output/rockchip_g710s_rv1126_rv1109/host/arm-buildroot-linux-gnueabihf/sysroot/usr/lib/crt1.o

.gnu.version_d  0x0000000000013898        0x0
 *(SORT_BY_ALIGNMENT(.gnu.version_d))
 .gnu.version_d
                0x0000000000013898        0x0 /workspace_disk2/xsq_workspace/sdk_linux_rv1126_rv1109/buildroot/output/rockchip_g710s_rv1126_rv1109/host/arm-buildroot-linux-gnueabihf/sysroot/usr/lib/crt1.o

.gnu.version_r  0x0000000000013898       0x30
 *(SORT_BY_ALIGNMENT(.gnu.version_r))
 .gnu.version_r
                0x0000000000013898       0x30 /workspace_disk2/xsq_workspace/sdk_linux_rv1126_rv1109/buildroot/output/rockchip_g710s_rv1126_rv1109/host/arm-buildroot-linux-gnueabihf/sysroot/usr/lib/crt1.o

.rel.dyn        0x00000000000138c8       0x48
 *(SORT_BY_ALIGNMENT(.rel.init))
 *(SORT_BY_ALIGNMENT(.rel.text) SORT_BY_ALIGNMENT(.rel.text.*) SORT_BY_ALIGNMENT(.rel.gnu.linkonce.t.*))
 *(SORT_BY_ALIGNMENT(.rel.fini))
 *(SORT_BY_ALIGNMENT(.rel.rodata) SORT_BY_ALIGNMENT(.rel.rodata.*) SORT_BY_ALIGNMENT(.rel.gnu.linkonce.r.*))
 *(SORT_BY_ALIGNMENT(.rel.data.rel.ro) SORT_BY_ALIGNMENT(.rel.data.rel.ro.*) SORT_BY_ALIGNMENT(.rel.gnu.linkonce.d.rel.ro.*))
 .rel.data.rel.ro
                0x00000000000138c8        0x0 /workspace_disk2/xsq_workspace/sdk_linux_rv1126_rv1109/buildroot/output/rockchip_g710s_rv1126_rv1109/host/arm-buildroot-linux-gnueabihf/sysroot/usr/lib/crt1.o
 *(SORT_BY_ALIGNMENT(.rel.data) SORT_BY_ALIGNMENT(.rel.data.*) SORT_BY_ALIGNMENT(.rel.gnu.linkonce.d.*))
 *(SORT_BY_ALIGNMENT(.rel.tdata) SORT_BY_ALIGNMENT(.rel.tdata.*) SORT_BY_ALIGNMENT(.rel.gnu.linkonce.td.*))
 *(SORT_BY_ALIGNMENT(.rel.tbss) SORT_BY_ALIGNMENT(.rel.tbss.*) SORT_BY_ALIGNMENT(.rel.gnu.linkonce.tb.*))
 *(SORT_BY_ALIGNMENT(.rel.ctors))
 *(SORT_BY_ALIGNMENT(.rel.dtors))
 *(SORT_BY_ALIGNMENT(.rel.got))
 .rel.got       0x00000000000138c8        0x8 /workspace_disk2/xsq_workspace/sdk_linux_rv1126_rv1109/buildroot/output/rockchip_g710s_rv1126_rv1109/host/arm-buildroot-linux-gnueabihf/sysroot/usr/lib/crt1.o
 *(SORT_BY_ALIGNMENT(.rel.bss) SORT_BY_ALIGNMENT(.rel.bss.*) SORT_BY_ALIGNMENT(.rel.gnu.linkonce.b.*))
 .rel.bss       0x00000000000138d0       0x40 /workspace_disk2/xsq_workspace/sdk_linux_rv1126_rv1109/buildroot/output/rockchip_g710s_rv1126_rv1109/host/arm-buildroot-linux-gnueabihf/sysroot/usr/lib/crt1.o
                [!provide]                        PROVIDE (__rel_iplt_start = .)
 *(SORT_BY_ALIGNMENT(.rel.iplt))
 .rel.iplt      0x0000000000013910        0x0 /workspace_disk2/xsq_workspace/sdk_linux_rv1126_rv1109/buildroot/output/rockchip_g710s_rv1126_rv1109/host/arm-buildroot-linux-gnueabihf/sysroot/usr/lib/crt1.o
                [!provide]                        PROVIDE (__rel_iplt_end = .)

.rela.dyn       0x0000000000013910        0x0
 *(SORT_BY_ALIGNMENT(.rela.init))
 *(SORT_BY_ALIGNMENT(.rela.text) SORT_BY_ALIGNMENT(.rela.text.*) SORT_BY_ALIGNMENT(.rela.gnu.linkonce.t.*))
 *(SORT_BY_ALIGNMENT(.rela.fini))
 *(SORT_BY_ALIGNMENT(.rela.rodata) SORT_BY_ALIGNMENT(.rela.rodata.*) SORT_BY_ALIGNMENT(.rela.gnu.linkonce.r.*))
 *(SORT_BY_ALIGNMENT(.rela.data) SORT_BY_ALIGNMENT(.rela.data.*) SORT_BY_ALIGNMENT(.rela.gnu.linkonce.d.*))
 *(SORT_BY_ALIGNMENT(.rela.tdata) SORT_BY_ALIGNMENT(.rela.tdata.*) SORT_BY_ALIGNMENT(.rela.gnu.linkonce.td.*))
 *(SORT_BY_ALIGNMENT(.rela.tbss) SORT_BY_ALIGNMENT(.rela.tbss.*) SORT_BY_ALIGNMENT(.rela.gnu.linkonce.tb.*))
 *(SORT_BY_ALIGNMENT(.rela.ctors))
 *(SORT_BY_ALIGNMENT(.rela.dtors))
 *(SORT_BY_ALIGNMENT(.rela.got))
 *(SORT_BY_ALIGNMENT(.rela.bss) SORT_BY_ALIGNMENT(.rela.bss.*) SORT_BY_ALIGNMENT(.rela.gnu.linkonce.b.*))
                [!provide]                        PROVIDE (__rela_iplt_start = .)
 *(SORT_BY_ALIGNMENT(.rela.iplt))
                [!provide]                        PROVIDE (__rela_iplt_end = .)

.rel.plt        0x0000000000013910      0xa48
 *(SORT_BY_ALIGNMENT(.rel.plt))
 .rel.plt       0x0000000000013910      0xa48 /workspace_disk2/xsq_workspace/sdk_linux_rv1126_rv1109/buildroot/output/rockchip_g710s_rv1126_rv1109/host/arm-buildroot-linux-gnueabihf/sysroot/usr/lib/crt1.o

.rela.plt
 *(SORT_BY_ALIGNMENT(.rela.plt))

.init           0x0000000000014358        0xc
 *(SORT_NONE(.init))
 .init          0x0000000000014358        0x8 /workspace_disk2/xsq_workspace/sdk_linux_rv1126_rv1109/buildroot/output/rockchip_g710s_rv1126_rv1109/host/arm-buildroot-linux-gnueabihf/sysroot/usr/lib/crti.o
                0x0000000000014358                _init
 .init          0x0000000000014360        0x4 /workspace_disk2/xsq_workspace/sdk_linux_rv1126_rv1109/buildroot/output/rockchip_g710s_rv1126_rv1109/host/arm-buildroot-linux-gnueabihf/sysroot/usr/lib/crtn.o

.plt            0x0000000000014364      0xf80
 *(SORT_BY_ALIGNMENT(.plt))
 .plt           0x0000000000014364      0xf80 /workspace_disk2/xsq_workspace/sdk_linux_rv1126_rv1109/buildroot/output/rockchip_g710s_rv1126_rv1109/host/arm-buildroot-linux-gnueabihf/sysroot/usr/lib/crt1.o
                0x0000000000014378                fdopen@@GLIBC_2.4
                0x0000000000014384                sched_get_priority_min@@GLIBC_2.4
                0x0000000000014390                fputs_unlocked@@GLIBC_2.4
                0x000000000001439c                strstr@@GLIBC_2.4
                0x00000000000143a8                gnu_dev_major@@GLIBC_2.4
                0x00000000000143b4                ether_hostton@@GLIBC_2.4
                0x00000000000143c0                raise@@GLIBC_2.4
                0x00000000000143cc                cfmakeraw@@GLIBC_2.4
                0x00000000000143d8                vasprintf@@GLIBC_2.4
                0x00000000000143e4                sendfile64@@GLIBC_2.4
                0x00000000000143f0                gmtime_r@@GLIBC_2.4
                0x00000000000143fc                strverscmp@@GLIBC_2.4
                0x0000000000014408                inet_aton@@GLIBC_2.4
                0x0000000000014414                fsync@@GLIBC_2.4
                0x0000000000014420                setbuf@@GLIBC_2.4
                0x000000000001442c                __res_init@@GLIBC_2.4
                0x0000000000014438                strcasestr@@GLIBC_2.4
                0x0000000000014444                strcmp@@GLIBC_2.4
                0x0000000000014450                strtol@@GLIBC_2.4
                0x000000000001445c                setsockopt@@GLIBC_2.4
                0x0000000000014468                strcspn@@GLIBC_2.4
                0x0000000000014474                times@@GLIBC_2.4
                0x0000000000014480                gnu_dev_makedev@@GLIBC_2.4
                0x000000000001448c                dprintf@@GLIBC_2.4
                0x0000000000014498                clearenv@@GLIBC_2.4
                0x00000000000144a4                printf@@GLIBC_2.4
                0x00000000000144b0                hstrerror@@GLIBC_2.4
                0x00000000000144bc                gnu_dev_minor@@GLIBC_2.4
                0x00000000000144c8                getusershell@@GLIBC_2.4
                0x00000000000144d4                regerror@@GLIBC_2.4
                0x00000000000144e0                setrlimit64@@GLIBC_2.4
                0x00000000000144ec                read@@GLIBC_2.4
                0x00000000000144f8                tcflush@@GLIBC_2.4
                0x0000000000014504                mktime@@GLIBC_2.4
                0x0000000000014510                longjmp@@GLIBC_2.4
                0x000000000001451c                fflush@@GLIBC_2.4
                0x0000000000014528                utmpxname@@GLIBC_2.4
                0x0000000000014534                getuid@@GLIBC_2.4
                0x0000000000014540                sigprocmask@@GLIBC_2.4
                0x000000000001454c                _setjmp@@GLIBC_2.4
                0x0000000000014558                memmove@@GLIBC_2.4
                0x0000000000014564                strchrnul@@GLIBC_2.4
                0x0000000000014570                free@@GLIBC_2.4
                0x000000000001457c                nanosleep@@GLIBC_2.4
                0x0000000000014588                fileno_unlocked@@GLIBC_2.4
                0x0000000000014594                inet_pton@@GLIBC_2.4
                0x00000000000145a0                _exit@@GLIBC_2.4
                0x00000000000145ac                __res_state@@GLIBC_2.4
                0x00000000000145b8                pututxline@@GLIBC_2.4
                0x00000000000145c4                memcpy@@GLIBC_2.4
                0x00000000000145d0                tcsendbreak@@GLIBC_2.4
                0x00000000000145dc                pivot_root@@GLIBC_2.4
                0x00000000000145e8                endusershell@@GLIBC_2.4
                0x00000000000145f4                execvp@@GLIBC_2.4
                0x0000000000014600                execlp@@GLIBC_2.4
                0x000000000001460c                mmap64@@GLIBC_2.4
                0x0000000000014618                shmget@@GLIBC_2.4
                0x0000000000014624                signal@@GLIBC_2.4
                0x0000000000014630                time@@GLIBC_2.4
                0x000000000001463c                rmdir@@GLIBC_2.4
                0x0000000000014648                gethostid@@GLIBC_2.4
                0x0000000000014654                tcsetpgrp@@GLIBC_2.4
                0x0000000000014660                sendmsg@@GLIBC_2.4
                0x000000000001466c                ftruncate64@@GLIBC_2.4
                0x0000000000014678                memcmp@@GLIBC_2.4
                0x0000000000014684                inet_ntoa@@GLIBC_2.4
                0x0000000000014690                select@@GLIBC_2.4
                0x000000000001469c                swapon@@GLIBC_2.4
                0x00000000000146a8                sleep@@GLIBC_2.4
                0x00000000000146b4                stpcpy@@GLIBC_2.4
                0x00000000000146c0                getc_unlocked@@GLIBC_2.4
                0x00000000000146cc                uname@@GLIBC_2.4
                0x00000000000146d8                ctime@@GLIBC_2.4
                0x00000000000146e4                recvfrom@@GLIBC_2.4
                0x00000000000146f0                strdup@@GLIBC_2.4
                0x00000000000146fc                setutxent@@GLIBC_2.4
                0x0000000000014708                cfgetispeed@@GLIBC_2.4
                0x0000000000014714                alarm@@GLIBC_2.4
                0x0000000000014720                msgctl@@GLIBC_2.4
                0x000000000001472c                sysconf@@GLIBC_2.4
                0x0000000000014738                unlink@@GLIBC_2.4
                0x0000000000014744                dup2@@GLIBC_2.4
                0x0000000000014750                reboot@@GLIBC_2.4
                0x000000000001475c                getrlimit64@@GLIBC_2.4
                0x0000000000014768                realloc@@GLIBC_2.4
                0x0000000000014774                killpg@@GLIBC_2.4
                0x0000000000014780                strptime@@GLIBC_2.4
                0x000000000001478c                dup@@GLIBC_2.4
                0x0000000000014798                socketpair@@GLIBC_2.4
                0x00000000000147a4                atoll@@GLIBC_2.4
                0x00000000000147b0                getpriority@@GLIBC_2.4
                0x00000000000147bc                regexec@@GLIBC_2.4
                0x00000000000147c8                localtime_r@@GLIBC_2.4
                0x00000000000147d4                wait@@GLIBC_2.4
                0x00000000000147e0                getlogin_r@@GLIBC_2.4
                0x00000000000147ec                chdir@@GLIBC_2.4
                0x00000000000147f8                strcasecmp@@GLIBC_2.4
                0x0000000000014804                getpgrp@@GLIBC_2.4
                0x0000000000014810                geteuid@@GLIBC_2.4
                0x000000000001481c                strsignal@@GLIBC_2.4
                0x0000000000014828                tzset@@GLIBC_2.4
                0x0000000000014834                poll@@GLIBC_2.4
                0x0000000000014840                accept@@GLIBC_2.4
                0x000000000001484c                setgroups@@GLIBC_2.4
                0x0000000000014858                cfsetospeed@@GLIBC_2.4
                0x0000000000014864                seteuid@@GLIBC_2.4
                0x0000000000014870                __fxstat64@@GLIBC_2.4
                0x000000000001487c                readlink@@GLIBC_2.4
                0x0000000000014888                getegid@@GLIBC_2.4
                0x0000000000014894                sigaction@@GLIBC_2.4
                0x00000000000148a0                fwrite@@GLIBC_2.4
                0x00000000000148ac                strcat@@GLIBC_2.4
                0x00000000000148b8                ioctl@@GLIBC_2.4
                0x00000000000148c4                sched_getscheduler@@GLIBC_2.4
                0x00000000000148d0                lseek64@@GLIBC_2.4
                0x00000000000148dc                regfree@@GLIBC_2.4
                0x00000000000148e8                strtoll@@GLIBC_2.4
                0x00000000000148f4                usleep@@GLIBC_2.4
                0x0000000000014900                waitpid@@GLIBC_2.4
                0x000000000001490c                hasmntopt@@GLIBC_2.4
                0x0000000000014918                tcsetattr@@GLIBC_2.4
                0x0000000000014924                munlock@@GLIBC_2.4
                0x0000000000014930                strcpy@@GLIBC_2.4
                0x000000000001493c                chroot@@GLIBC_2.4
                0x0000000000014948                gettimeofday@@GLIBC_2.4
                0x0000000000014954                fread@@GLIBC_2.4
                0x0000000000014960                pread64@@GLIBC_2.4
                0x000000000001496c                sched_yield@@GLIBC_2.4
                0x0000000000014978                ferror_unlocked@@GLIBC_2.4
                0x0000000000014984                shmctl@@GLIBC_2.4
                0x0000000000014990                getmntent@@GLIBC_2.4
                0x000000000001499c                opendir@@GLIBC_2.4
                0x00000000000149a8                umount2@@GLIBC_2.4
                0x00000000000149b4                fnmatch@@GLIBC_2.4
                0x00000000000149c0                open64@@GLIBC_2.4
                0x00000000000149cc                sched_get_priority_max@@GLIBC_2.4
                0x00000000000149d8                getenv@@GLIBC_2.4
                0x00000000000149e4                setpriority@@GLIBC_2.4
                0x00000000000149f0                mkstemp64@@GLIBC_2.4
                0x00000000000149fc                puts@@GLIBC_2.4
                0x0000000000014a08                setgid@@GLIBC_2.4
                0x0000000000014a14                sysinfo@@GLIBC_2.4
                0x0000000000014a20                malloc@@GLIBC_2.4
                0x0000000000014a2c                settimeofday@@GLIBC_2.4
                0x0000000000014a38                sigaddset@@GLIBC_2.4
                0x0000000000014a44                __libc_start_main@@GLIBC_2.4
                0x0000000000014a50                strerror@@GLIBC_2.4
                0x0000000000014a5c                system@@GLIBC_2.4
                0x0000000000014a68                strftime@@GLIBC_2.4
                0x0000000000014a74                tcdrain@@GLIBC_2.4
                0x0000000000014a80                __h_errno_location@@GLIBC_2.4
                0x0000000000014a8c                localtime@@GLIBC_2.4
                0x0000000000014a98                strsep@@GLIBC_2.4
                0x0000000000014aa4                mktemp@@GLIBC_2.4
                0x0000000000014ab0                scanf@@GLIBC_2.4
                0x0000000000014abc                closelog@@GLIBC_2.4
                0x0000000000014ac8                sethostname@@GLIBC_2.4
                0x0000000000014ad4                dirname@@GLIBC_2.4
                0x0000000000014aec                freopen64@@GLIBC_2.4
                0x0000000000014af8                mempcpy@@GLIBC_2.4
                0x0000000000014b04                rename@@GLIBC_2.4
                0x0000000000014b10                getopt_long@@GLIBC_2.4
                0x0000000000014b1c                kill@@GLIBC_2.4
                0x0000000000014b28                getcwd@@GLIBC_2.4
                0x0000000000014b34                getpid@@GLIBC_2.4
                0x0000000000014b40                exit@@GLIBC_2.4
                0x0000000000014b4c                syscall@@GLIBC_2.4
                0x0000000000014b58                flock@@GLIBC_2.4
                0x0000000000014b64                strtoul@@GLIBC_2.4
                0x0000000000014b70                tcgetpgrp@@GLIBC_2.4
                0x0000000000014b7c                strlen@@GLIBC_2.4
                0x0000000000014b88                getchar_unlocked@@GLIBC_2.4
                0x0000000000014b94                setsid@@GLIBC_2.4
                0x0000000000014ba0                vprintf@@GLIBC_2.4
                0x0000000000014bac                setpgrp@@GLIBC_2.4
                0x0000000000014bb8                sched_getparam@@GLIBC_2.4
                0x0000000000014bc4                strchr@@GLIBC_2.4
                0x0000000000014bd0                srand@@GLIBC_2.4
                0x0000000000014bdc                setenv@@GLIBC_2.4
                0x0000000000014be8                personality@@GLIBC_2.4
                0x0000000000014bf4                memrchr@@GLIBC_2.4
                0x0000000000014c00                ttyname_r@@GLIBC_2.4
                0x0000000000014c0c                fchown@@GLIBC_2.4
                0x0000000000014c18                execve@@GLIBC_2.4
                0x0000000000014c24                getopt@@GLIBC_2.4
                0x0000000000014c30                fprintf@@GLIBC_2.4
                0x0000000000014c3c                getpagesize@@GLIBC_2.4
                0x0000000000014c48                cfsetispeed@@GLIBC_2.4
                0x0000000000014c54                chown@@GLIBC_2.4
                0x0000000000014c60                ungetc@@GLIBC_2.4
                0x0000000000014c6c                setlinebuf@@GLIBC_2.4
                0x0000000000014c78                execv@@GLIBC_2.4
                0x0000000000014c84                cfgetospeed@@GLIBC_2.4
                0x0000000000014c90                sigfillset@@GLIBC_2.4
                0x0000000000014c9c                __errno_location@@GLIBC_2.4
                0x0000000000014ca8                getservbyname@@GLIBC_2.4
                0x0000000000014cb4                strncasecmp@@GLIBC_2.4
                0x0000000000014cc0                klogctl@@GLIBC_2.4
                0x0000000000014ccc                snprintf@@GLIBC_2.4
                0x0000000000014cd8                __cxa_atexit@@GLIBC_2.4
                0x0000000000014ce4                mkdir@@GLIBC_2.4
                0x0000000000014cf0                semget@@GLIBC_2.4
                0x0000000000014cfc                bind@@GLIBC_2.4
                0x0000000000014d08                getservbyport@@GLIBC_2.4
                0x0000000000014d14                getgid@@GLIBC_2.4
                0x0000000000014d20                memset@@GLIBC_2.4
                0x0000000000014d2c                getmntent_r@@GLIBC_2.4
                0x0000000000014d38                bsearch@@GLIBC_2.4
                0x0000000000014d44                sigtimedwait@@GLIBC_2.4
                0x0000000000014d50                utimes@@GLIBC_2.4
                0x0000000000014d5c                strncpy@@GLIBC_2.4
                0x0000000000014d68                fscanf@@GLIBC_2.4
                0x0000000000014d74                mallopt@@GLIBC_2.4
                0x0000000000014d80                sigsuspend@@GLIBC_2.4
                0x0000000000014d8c                strtoull@@GLIBC_2.4
                0x0000000000014d98                wait3@@GLIBC_2.4
                0x0000000000014da4                prctl@@GLIBC_2.4
                0x0000000000014db0                strtod@@GLIBC_2.4
                0x0000000000014dbc                link@@GLIBC_2.4
                0x0000000000014dc8                write@@GLIBC_2.4
                0x0000000000014dd4                sigdelset@@GLIBC_2.4
                0x0000000000014de0                mlock@@GLIBC_2.4
                0x0000000000014dec                getopt_long_only@@GLIBC_2.4
                0x0000000000014df8                ether_aton_r@@GLIBC_2.4
                0x0000000000014e04                vfork@@GLIBC_2.4
                0x0000000000014e10                memchr@@GLIBC_2.4
                0x0000000000014e1c                vsprintf@@GLIBC_2.4
                0x0000000000014e28                sched_setaffinity@@GLIBC_2.4
                0x0000000000014e34                access@@GLIBC_2.4
                0x0000000000014e40                rand@@GLIBC_2.4
                0x0000000000014e4c                setegid@@GLIBC_2.4
                0x0000000000014e58                fclose@@GLIBC_2.4
                0x0000000000014e64                getsid@@GLIBC_2.4
                0x0000000000014e70                strnlen@@GLIBC_2.4
                0x0000000000014e7c                pipe@@GLIBC_2.4
                0x0000000000014e88                fseeko64@@GLIBC_2.4
                0x0000000000014e94                endmntent@@GLIBC_2.4
                0x0000000000014ea0                munmap@@GLIBC_2.4
                0x0000000000014eac                posix_fallocate64@@GLIBC_2.4
                0x0000000000014eb8                strtok@@GLIBC_2.4
                0x0000000000014ec4                fcntl64@@GLIBC_2.28
                0x0000000000014ed0                semctl@@GLIBC_2.4
                0x0000000000014edc                sendto@@GLIBC_2.4
                0x0000000000014ee8                shutdown@@GLIBC_2.4
                0x0000000000014ef4                endutxent@@GLIBC_2.4
                0x0000000000014f00                sigemptyset@@GLIBC_2.4
                0x0000000000014f0c                popen@@GLIBC_2.4
                0x0000000000014f18                fork@@GLIBC_2.4
                0x0000000000014f24                execle@@GLIBC_2.4
                0x0000000000014f30                putenv@@GLIBC_2.4
                0x0000000000014f3c                stime@@GLIBC_2.4
                0x0000000000014f48                getnameinfo@@GLIBC_2.4
                0x0000000000014f54                execl@@GLIBC_2.4
                0x0000000000014f60                strrchr@@GLIBC_2.4
                0x0000000000014f6c                listen@@GLIBC_2.4
                0x0000000000014f78                vfprintf@@GLIBC_2.4
                0x0000000000014f84                statfs64@@GLIBC_2.4
                0x0000000000014f90                __sigsetjmp@@GLIBC_2.4
                0x0000000000014f9c                lchown@@GLIBC_2.4
                0x0000000000014fa8                syslog@@GLIBC_2.4
                0x0000000000014fb4                symlink@@GLIBC_2.4
                0x0000000000014fc0                updwtmpx@@GLIBC_2.4
                0x0000000000014fcc                setuid@@GLIBC_2.4
                0x0000000000014fd8                sscanf@@GLIBC_2.4
                0x0000000000014fe4                setpgid@@GLIBC_2.4
                0x0000000000014ff0                clearerr@@GLIBC_2.4
                0x0000000000014ffc                sprintf@@GLIBC_2.4
                0x0000000000015008                readdir64@@GLIBC_2.4
                0x0000000000015014                mkdtemp@@GLIBC_2.4
                0x0000000000015020                openlog@@GLIBC_2.4
                0x000000000001502c                regcomp@@GLIBC_2.4
                0x0000000000015038                getgroups@@GLIBC_2.4
                0x0000000000015044                getsockname@@GLIBC_2.4
                0x0000000000015050                vsnprintf@@GLIBC_2.4
                0x000000000001505c                getppid@@GLIBC_2.4
                0x0000000000015068                atoi@@GLIBC_2.4
                0x0000000000015074                recvmsg@@GLIBC_2.4
                0x0000000000015080                fchdir@@GLIBC_2.4
                0x000000000001508c                fopen64@@GLIBC_2.4
                0x0000000000015098                qsort@@GLIBC_2.4
                0x00000000000150a4                strpbrk@@GLIBC_2.4
                0x00000000000150b0                msgget@@GLIBC_2.4
                0x00000000000150bc                freeaddrinfo@@GLIBC_2.4
                0x00000000000150c8                getaddrinfo@@GLIBC_2.4
                0x00000000000150d4                inet_ntop@@GLIBC_2.4
                0x00000000000150e0                fgets_unlocked@@GLIBC_2.4
                0x00000000000150ec                socket@@GLIBC_2.4
                0x00000000000150f8                sched_getaffinity@@GLIBC_2.4
                0x0000000000015104                setmntent@@GLIBC_2.4
                0x0000000000015110                cfsetspeed@@GLIBC_2.4
                0x000000000001511c                atof@@GLIBC_2.4
                0x0000000000015128                inet_addr@@GLIBC_2.4
                0x0000000000015134                __cmsg_nxthdr@@GLIBC_2.4
                0x0000000000015140                sync@@GLIBC_2.4
                0x000000000001514c                getline@@GLIBC_2.4
                0x0000000000015158                if_nametoindex@@GLIBC_2.4
                0x0000000000015164                umask@@GLIBC_2.4
                0x0000000000015170                swapoff@@GLIBC_2.4
                0x000000000001517c                chmod@@GLIBC_2.4
                0x0000000000015188                gethostbyname@@GLIBC_2.4
                0x0000000000015194                __xstat64@@GLIBC_2.4
                0x00000000000151a0                isatty@@GLIBC_2.4
                0x00000000000151ac                __xmknod@@GLIBC_2.4
                0x00000000000151b8                unsetenv@@GLIBC_2.4
                0x00000000000151c4                fputs@@GLIBC_2.4
                0x00000000000151d0                strncmp@@GLIBC_2.4
                0x00000000000151dc                fdatasync@@GLIBC_2.4
                0x00000000000151e8                abort@@GLIBC_2.4
                0x00000000000151f4                feof_unlocked@@GLIBC_2.4
                0x0000000000015200                getutxent@@GLIBC_2.4
                0x000000000001520c                recv@@GLIBC_2.4
                0x0000000000015218                realpath@@GLIBC_2.4
                0x0000000000015224                siglongjmp@@GLIBC_2.4
                0x0000000000015230                close@@GLIBC_2.4
                0x000000000001523c                __lxstat64@@GLIBC_2.4
                0x0000000000015248                mkfifo@@GLIBC_2.4
                0x0000000000015254                connect@@GLIBC_2.4
                0x0000000000015260                closedir@@GLIBC_2.4
                0x000000000001526c                sched_setscheduler@@GLIBC_2.4
                0x0000000000015278                putchar_unlocked@@GLIBC_2.4
                0x0000000000015284                strspn@@GLIBC_2.4
                0x0000000000015290                fchmod@@GLIBC_2.4
                0x000000000001529c                tcgetattr@@GLIBC_2.4
                0x00000000000152a8                putc_unlocked@@GLIBC_2.4
                0x00000000000152b4                tcgetsid@@GLIBC_2.4
                0x00000000000152c0                ftello64@@GLIBC_2.4
                0x00000000000152cc                pclose@@GLIBC_2.4
                0x00000000000152d8                mount@@GLIBC_2.4

.iplt           0x00000000000152e4        0x0
 *(SORT_BY_ALIGNMENT(.iplt))
 .iplt          0x00000000000152e4        0x0 /workspace_disk2/xsq_workspace/sdk_linux_rv1126_rv1109/buildroot/output/rockchip_g710s_rv1126_rv1109/host/arm-buildroot-linux-gnueabihf/sysroot/usr/lib/crt1.o

.text           0x00000000000152e8    0x7c91c
 *(SORT_BY_ALIGNMENT(.text.unlikely) SORT_BY_ALIGNMENT(.text.*_unlikely) SORT_BY_ALIGNMENT(.text.unlikely.*))
 *(SORT_BY_ALIGNMENT(.text.exit) SORT_BY_ALIGNMENT(.text.exit.*))
 *(SORT_BY_ALIGNMENT(.text.startup) SORT_BY_ALIGNMENT(.text.startup.*))
 *(SORT_BY_ALIGNMENT(.text.hot) SORT_BY_ALIGNMENT(.text.hot.*))
 *(SORT_BY_ALIGNMENT(.text) SORT_BY_ALIGNMENT(.stub) SORT_BY_ALIGNMENT(.text.*) SORT_BY_ALIGNMENT(.gnu.linkonce.t.*))
 .text.identify
                0x00000000000152e8     0x1244 miscutils/lib.a(hdparm.o)
 *fill*         0x000000000001652c        0x4 
 .text.showmode
                0x0000000000016530      0x16c util-linux/lib.a(fbset.o)
 *fill*         0x000000000001669c        0x4 
 .text.get_boot
                0x00000000000166a0      0x834 util-linux/lib.a(fdisk.o)
 *fill*         0x0000000000016ed4        0x4 
 .text.sleep_main
                0x0000000000016ed8      0x184 coreutils/lib.a(sleep.o)
                0x0000000000016ed8                sleep_main
 *fill*         0x000000000001705c        0x4 
 .text.evaluate
                0x0000000000017060      0xe10 editors/lib.a(awk.o)
 .text.smart_ulltoa5
                0x0000000000017e70      0x1a8 libbb/lib.a(human_readable.o)
                0x0000000000017e70                smart_ulltoa5
 .text.bb_progress_update
                0x0000000000018018      0x35c libbb/lib.a(progress.o)
                0x0000000000018018                bb_progress_update
 *fill*         0x0000000000018374        0x4 
 .text          0x0000000000018378       0x58 /workspace_disk2/xsq_workspace/sdk_linux_rv1126_rv1109/prebuilts/gcc/linux-x86/arm/gcc-arm-8.3-2019.03-x86_64-arm-linux-gnueabihf/bin/../lib/gcc/arm-linux-gnueabihf/8.3.0/libgcc.a(_fixunsdfdi.o)
                0x0000000000018378                __aeabi_d2ulz
                0x0000000000018378                __fixunsdfdi
 .text          0x00000000000183d0       0x3c /workspace_disk2/xsq_workspace/sdk_linux_rv1126_rv1109/buildroot/output/rockchip_g710s_rv1126_rv1109/host/arm-buildroot-linux-gnueabihf/sysroot/usr/lib/crt1.o
                0x00000000000183d0                _start
 .text          0x000000000001840c       0x24 /workspace_disk2/xsq_workspace/sdk_linux_rv1126_rv1109/buildroot/output/rockchip_g710s_rv1126_rv1109/host/arm-buildroot-linux-gnueabihf/sysroot/usr/lib/crti.o
 .text          0x0000000000018430       0x90 /workspace_disk2/xsq_workspace/sdk_linux_rv1126_rv1109/prebuilts/gcc/linux-x86/arm/gcc-arm-8.3-2019.03-x86_64-arm-linux-gnueabihf/bin/../lib/gcc/arm-linux-gnueabihf/8.3.0/crtbegin.o
 .text.string_array_len
                0x00000000000184c0       0x24 libbb/lib.a(appletlib.o)
                0x00000000000184c0                string_array_len
 .text.find_applet_by_name
                0x00000000000184e4       0xa4 libbb/lib.a(appletlib.o)
                0x00000000000184e4                find_applet_by_name
 .text.bb_show_usage
                0x0000000000018588       0xa8 libbb/lib.a(appletlib.o)
                0x0000000000018588                bb_show_usage
 .text.lbb_prepare
                0x0000000000018630       0x28 libbb/lib.a(appletlib.o)
                0x0000000000018630                lbb_prepare
 .text.run_applet_no_and_exit
                0x0000000000018658      0x124 libbb/lib.a(appletlib.o)
                0x0000000000018658                run_applet_no_and_exit
 .text.run_applet_and_exit
                0x000000000001877c      0x348 libbb/lib.a(appletlib.o)
 .text.main     0x0000000000018ac4       0x74 libbb/lib.a(appletlib.o)
                0x0000000000018ac4                main
 .text.is_prefixed_with
                0x0000000000018b38       0x24 libbb/lib.a(compare_string_array.o)
                0x0000000000018b38                is_prefixed_with
 .text.index_in_strings
                0x0000000000018b5c       0x54 libbb/lib.a(compare_string_array.o)
                0x0000000000018b5c                index_in_strings
 .text.index_in_substrings
                0x0000000000018bb0       0x90 libbb/lib.a(compare_string_array.o)
                0x0000000000018bb0                index_in_substrings
 .text.nth_string
                0x0000000000018c40       0x34 libbb/lib.a(compare_string_array.o)
                0x0000000000018c40                nth_string
 .text.concat_path_file
                0x0000000000018c74       0x64 libbb/lib.a(concat_path_file.o)
                0x0000000000018c74                concat_path_file
 .text.bb_basename
                0x0000000000018cd8       0x20 libbb/lib.a(get_last_path_component.o)
                0x0000000000018cd8                bb_basename
 .text.bb_get_last_path_component_nostrip
                0x0000000000018cf8       0x3c libbb/lib.a(get_last_path_component.o)
                0x0000000000018cf8                bb_get_last_path_component_nostrip
 .text.bb_get_last_path_component_strip
                0x0000000000018d34       0x54 libbb/lib.a(get_last_path_component.o)
                0x0000000000018d34                bb_get_last_path_component_strip
 .text.last_char_is
                0x0000000000018d88       0x3c libbb/lib.a(last_char_is.o)
                0x0000000000018d88                last_char_is
 .text.bb_perror_msg
                0x0000000000018dc4       0x4c libbb/lib.a(perror_msg.o)
                0x0000000000018dc4                bb_perror_msg
 .text.bb_perror_msg_and_die
                0x0000000000018e10       0x40 libbb/lib.a(perror_msg.o)
                0x0000000000018e10                bb_perror_msg_and_die
 .text.bb_simple_perror_msg
                0x0000000000018e50       0x10 libbb/lib.a(perror_msg.o)
                0x0000000000018e50                bb_simple_perror_msg
 .text.bb_simple_perror_msg_and_die
                0x0000000000018e60       0x14 libbb/lib.a(perror_msg.o)
                0x0000000000018e60                bb_simple_perror_msg_and_die
 .text.bb_verror_msg
                0x0000000000018e74      0x21c libbb/lib.a(verror_msg.o)
                0x0000000000018e74                bb_verror_msg
 .text.bb_error_msg_and_die
                0x0000000000019090       0x20 libbb/lib.a(verror_msg.o)
                0x0000000000019090                bb_error_msg_and_die
 .text.bb_error_msg
                0x00000000000190b0       0x2c libbb/lib.a(verror_msg.o)
                0x00000000000190b0                bb_error_msg
 .text.xfunc_die
                0x00000000000190dc       0x2c libbb/lib.a(xfunc_die.o)
                0x00000000000190dc                xfunc_die
 .text.ndelay_on
                0x0000000000019108       0x34 libbb/lib.a(xfuncs.o)
                0x0000000000019108                ndelay_on
 .text.ndelay_off
                0x000000000001913c       0x34 libbb/lib.a(xfuncs.o)
                0x000000000001913c                ndelay_off
 .text.close_on_exec_on
                0x0000000000019170        0xc libbb/lib.a(xfuncs.o)
                0x0000000000019170                close_on_exec_on
 .text.strncpy_IFNAMSIZ
                0x000000000001917c        0x8 libbb/lib.a(xfuncs.o)
                0x000000000001917c                strncpy_IFNAMSIZ
 .text.utoa_to_buf
                0x0000000000019184       0x7c libbb/lib.a(xfuncs.o)
                0x0000000000019184                utoa_to_buf
 .text.itoa_to_buf
                0x0000000000019200       0x28 libbb/lib.a(xfuncs.o)
                0x0000000000019200                itoa_to_buf
 .text.utoa     0x0000000000019228       0x28 libbb/lib.a(xfuncs.o)
                0x0000000000019228                utoa
 .text.itoa     0x0000000000019250       0x28 libbb/lib.a(xfuncs.o)
                0x0000000000019250                itoa
 .text.bin2hex  0x0000000000019278       0x4c libbb/lib.a(xfuncs.o)
                0x0000000000019278                bin2hex
 .text.hex2bin  0x00000000000192c4       0xf0 libbb/lib.a(xfuncs.o)
                0x00000000000192c4                hex2bin
 .text.bb_putchar_stderr
                0x00000000000193b4       0x20 libbb/lib.a(xfuncs.o)
                0x00000000000193b4                bb_putchar_stderr
 .text.full_write1_str
                0x00000000000193d4       0x20 libbb/lib.a(xfuncs.o)
                0x00000000000193d4                full_write1_str
 .text.full_write2_str
                0x00000000000193f4       0x20 libbb/lib.a(xfuncs.o)
                0x00000000000193f4                full_write2_str
 .text.get_terminal_width_height
                0x0000000000019414      0x134 libbb/lib.a(xfuncs.o)
                0x0000000000019414                get_terminal_width_height
 .text.get_terminal_width
                0x0000000000019548       0x1c libbb/lib.a(xfuncs.o)
                0x0000000000019548                get_terminal_width
 .text.tcsetattr_stdin_TCSANOW
                0x0000000000019564       0x10 libbb/lib.a(xfuncs.o)
                0x0000000000019564                tcsetattr_stdin_TCSANOW
 .text.set_termios_to_raw
                0x0000000000019574       0xa8 libbb/lib.a(xfuncs.o)
                0x0000000000019574                set_termios_to_raw
 .text.safe_waitpid
                0x000000000001961c       0x44 libbb/lib.a(xfuncs.o)
                0x000000000001961c                safe_waitpid
 .text.wait_any_nohang
                0x0000000000019660       0x10 libbb/lib.a(xfuncs.o)
                0x0000000000019660                wait_any_nohang
 .text.wait4pid
                0x0000000000019670       0x54 libbb/lib.a(xfuncs.o)
                0x0000000000019670                wait4pid
 .text.wait_for_exitstatus
                0x00000000000196c4       0x30 libbb/lib.a(xfuncs.o)
                0x00000000000196c4                wait_for_exitstatus
 .text.malloc_or_warn
                0x00000000000196f4       0x3c libbb/lib.a(xfuncs_printf.o)
                0x00000000000196f4                malloc_or_warn
 .text.xmalloc  0x0000000000019730       0x30 libbb/lib.a(xfuncs_printf.o)
                0x0000000000019730                xmalloc
 .text.xrealloc
                0x0000000000019760       0x30 libbb/lib.a(xfuncs_printf.o)
                0x0000000000019760                xrealloc
 .text.xzalloc  0x0000000000019790       0x1c libbb/lib.a(xfuncs_printf.o)
                0x0000000000019790                xzalloc
 .text.xstrdup  0x00000000000197ac       0x34 libbb/lib.a(xfuncs_printf.o)
                0x00000000000197ac                xstrdup
 .text.xstrndup
                0x00000000000197e0       0x50 libbb/lib.a(xfuncs_printf.o)
                0x00000000000197e0                xstrndup
 .text.xmemdup  0x0000000000019830       0x24 libbb/lib.a(xfuncs_printf.o)
                0x0000000000019830                xmemdup
 .text.xfopen   0x0000000000019854       0x24 libbb/lib.a(xfuncs_printf.o)
                0x0000000000019854                xfopen
 .text.xopen3   0x0000000000019878       0x24 libbb/lib.a(xfuncs_printf.o)
                0x0000000000019878                xopen3
 .text.xopen    0x000000000001989c        0x8 libbb/lib.a(xfuncs_printf.o)
                0x000000000001989c                xopen
 .text.open3_or_warn
                0x00000000000198a4       0x2c libbb/lib.a(xfuncs_printf.o)
                0x00000000000198a4                open3_or_warn
 .text.open_or_warn
                0x00000000000198d0        0x8 libbb/lib.a(xfuncs_printf.o)
                0x00000000000198d0                open_or_warn
 .text.xopen_nonblocking
                0x00000000000198d8        0x8 libbb/lib.a(xfuncs_printf.o)
                0x00000000000198d8                xopen_nonblocking
 .text.xunlink  0x00000000000198e0       0x24 libbb/lib.a(xfuncs_printf.o)
                0x00000000000198e0                xunlink
 .text.xrename  0x0000000000019904       0x2c libbb/lib.a(xfuncs_printf.o)
                0x0000000000019904                xrename
 .text.xpipe    0x0000000000019930       0x1c libbb/lib.a(xfuncs_printf.o)
                0x0000000000019930                xpipe
 .text.xdup2    0x000000000001994c       0x20 libbb/lib.a(xfuncs_printf.o)
                0x000000000001994c                xdup2
 .text.xmove_fd
                0x000000000001996c       0x20 libbb/lib.a(xfuncs_printf.o)
                0x000000000001996c                xmove_fd
 .text.xwrite   0x000000000001998c       0x38 libbb/lib.a(xfuncs_printf.o)
                0x000000000001998c                xwrite
 .text.xwrite_str
                0x00000000000199c4       0x28 libbb/lib.a(xfuncs_printf.o)
                0x00000000000199c4                xwrite_str
 .text.xclose   0x00000000000199ec       0x1c libbb/lib.a(xfuncs_printf.o)
                0x00000000000199ec                xclose
 .text.xlseek   0x0000000000019a08       0x5c libbb/lib.a(xfuncs_printf.o)
                0x0000000000019a08                xlseek
 .text.xmkstemp
                0x0000000000019a64       0x24 libbb/lib.a(xfuncs_printf.o)
                0x0000000000019a64                xmkstemp
 .text.die_if_ferror
                0x0000000000019a88       0x24 libbb/lib.a(xfuncs_printf.o)
                0x0000000000019a88                die_if_ferror
 .text.die_if_ferror_stdout
                0x0000000000019aac       0x18 libbb/lib.a(xfuncs_printf.o)
                0x0000000000019aac                die_if_ferror_stdout
 .text.fflush_all
                0x0000000000019ac4        0x8 libbb/lib.a(xfuncs_printf.o)
                0x0000000000019ac4                fflush_all
 .text.bb_putchar
                0x0000000000019acc        0x4 libbb/lib.a(xfuncs_printf.o)
                0x0000000000019acc                bb_putchar
 .text.xasprintf
                0x0000000000019ad0       0x44 libbb/lib.a(xfuncs_printf.o)
                0x0000000000019ad0                xasprintf
 .text.xsetenv  0x0000000000019b14       0x20 libbb/lib.a(xfuncs_printf.o)
                0x0000000000019b14                xsetenv
 .text.bb_unsetenv
                0x0000000000019b34       0x44 libbb/lib.a(xfuncs_printf.o)
                0x0000000000019b34                bb_unsetenv
 .text.bb_unsetenv_and_free
                0x0000000000019b78       0x18 libbb/lib.a(xfuncs_printf.o)
                0x0000000000019b78                bb_unsetenv_and_free
 .text.xsetgid  0x0000000000019b90       0x1c libbb/lib.a(xfuncs_printf.o)
                0x0000000000019b90                xsetgid
 .text.xsetuid  0x0000000000019bac       0x1c libbb/lib.a(xfuncs_printf.o)
                0x0000000000019bac                xsetuid
 .text.xsetegid
                0x0000000000019bc8       0x1c libbb/lib.a(xfuncs_printf.o)
                0x0000000000019bc8                xsetegid
 .text.xseteuid
                0x0000000000019be4       0x1c libbb/lib.a(xfuncs_printf.o)
                0x0000000000019be4                xseteuid
 .text.xopen_as_uid_gid
                0x0000000000019c00       0x5c libbb/lib.a(xfuncs_printf.o)
                0x0000000000019c00                xopen_as_uid_gid
 .text.xchdir   0x0000000000019c5c       0x24 libbb/lib.a(xfuncs_printf.o)
                0x0000000000019c5c                xchdir
 .text.xchroot  0x0000000000019c80       0x34 libbb/lib.a(xfuncs_printf.o)
                0x0000000000019c80                xchroot
 .text.warn_opendir
                0x0000000000019cb4       0x2c libbb/lib.a(xfuncs_printf.o)
                0x0000000000019cb4                warn_opendir
 .text.xopendir
                0x0000000000019ce0       0x24 libbb/lib.a(xfuncs_printf.o)
                0x0000000000019ce0                xopendir
 .text.xsocket  0x0000000000019d04       0x1c libbb/lib.a(xfuncs_printf.o)
                0x0000000000019d04                xsocket
 .text.xbind    0x0000000000019d20       0x1c libbb/lib.a(xfuncs_printf.o)
                0x0000000000019d20                xbind
 .text.xsendto  0x0000000000019d3c       0x3c libbb/lib.a(xfuncs_printf.o)
                0x0000000000019d3c                xsendto
 .text.xstat    0x0000000000019d78       0x24 libbb/lib.a(xfuncs_printf.o)
                0x0000000000019d78                xstat
 .text.xfstat   0x0000000000019d9c       0x1c libbb/lib.a(xfuncs_printf.o)
                0x0000000000019d9c                xfstat
 .text.ioctl_or_perror_and_die
                0x0000000000019db8       0x54 libbb/lib.a(xfuncs_printf.o)
                0x0000000000019db8                ioctl_or_perror_and_die
 .text.ioctl_or_perror
                0x0000000000019e0c       0x54 libbb/lib.a(xfuncs_printf.o)
                0x0000000000019e0c                ioctl_or_perror
 .text.bb_ioctl_or_warn
                0x0000000000019e60       0x24 libbb/lib.a(xfuncs_printf.o)
                0x0000000000019e60                bb_ioctl_or_warn
 .text.bb_xioctl
                0x0000000000019e84       0x1c libbb/lib.a(xfuncs_printf.o)
                0x0000000000019e84                bb_xioctl
 .text.xmalloc_ttyname
                0x0000000000019ea0       0x30 libbb/lib.a(xfuncs_printf.o)
                0x0000000000019ea0                xmalloc_ttyname
 .text.generate_uuid
                0x0000000000019ed0       0xa4 libbb/lib.a(xfuncs_printf.o)
                0x0000000000019ed0                generate_uuid
 .text.xfork    0x0000000000019f74       0x1c libbb/lib.a(xfuncs_printf.o)
                0x0000000000019f74                xfork
 .text.xmalloc_readlink
                0x0000000000019f90       0x64 libbb/lib.a(xreadlink.o)
                0x0000000000019f90                xmalloc_readlink
 .text.xmalloc_follow_symlinks
                0x0000000000019ff4       0xb8 libbb/lib.a(xreadlink.o)
                0x0000000000019ff4                xmalloc_follow_symlinks
 .text.xmalloc_readlink_or_warn
                0x000000000001a0ac       0x54 libbb/lib.a(xreadlink.o)
                0x000000000001a0ac                xmalloc_readlink_or_warn
 .text.xmalloc_realpath
                0x000000000001a100        0x8 libbb/lib.a(xreadlink.o)
                0x000000000001a100                xmalloc_realpath
 .text.bb_full_fd_action
                0x000000000001a108      0x174 libbb/lib.a(copyfd.o)
 .text.bb_copyfd_size
                0x000000000001a27c       0x2c libbb/lib.a(copyfd.o)
                0x000000000001a27c                bb_copyfd_size
 .text.bb_copyfd_exact_size
                0x000000000001a2a8       0x60 libbb/lib.a(copyfd.o)
                0x000000000001a2a8                bb_copyfd_exact_size
 .text.bb_copyfd_eof
                0x000000000001a308        0xc libbb/lib.a(copyfd.o)
                0x000000000001a308                bb_copyfd_eof
 .text.full_write
                0x000000000001a314       0x54 libbb/lib.a(full_write.o)
                0x000000000001a314                full_write
 .text.safe_read
                0x000000000001a368       0x44 libbb/lib.a(read.o)
                0x000000000001a368                safe_read
 .text.full_read
                0x000000000001a3ac       0x58 libbb/lib.a(read.o)
                0x000000000001a3ac                full_read
 .text.read_close
                0x000000000001a404       0x20 libbb/lib.a(read.o)
                0x000000000001a404                read_close
 .text.open_read_close
                0x000000000001a424       0x2c libbb/lib.a(read.o)
                0x000000000001a424                open_read_close
 .text.safe_write
                0x000000000001a450       0x4c libbb/lib.a(safe_write.o)
                0x000000000001a450                safe_write
 .text.record_signo
                0x000000000001a49c       0x10 libbb/lib.a(signals.o)
                0x000000000001a49c                record_signo
 .text.sigaction_set
                0x000000000001a4ac        0x8 libbb/lib.a(signals.o)
                0x000000000001a4ac                sigaction_set
 .text.sigprocmask_allsigs
                0x000000000001a4b4       0x2c libbb/lib.a(signals.o)
                0x000000000001a4b4                sigprocmask_allsigs
 .text.bb_signals
                0x000000000001a4e0       0x40 libbb/lib.a(signals.o)
                0x000000000001a4e0                bb_signals
 .text.bb_signals_recursive_norestart
                0x000000000001a520       0x60 libbb/lib.a(signals.o)
                0x000000000001a520                bb_signals_recursive_norestart
 .text.sig_unblock
                0x000000000001a580       0x38 libbb/lib.a(signals.o)
                0x000000000001a580                sig_unblock
 .text.kill_myself_with_sig
                0x000000000001a5b8       0x28 libbb/lib.a(signals.o)
                0x000000000001a5b8                kill_myself_with_sig
 .text.signal_SA_RESTART_empty_mask
                0x000000000001a5e0       0x40 libbb/lib.a(signals.o)
                0x000000000001a5e0                signal_SA_RESTART_empty_mask
 .text.signal_no_SA_RESTART_empty_mask
                0x000000000001a620       0x38 libbb/lib.a(signals.o)
                0x000000000001a620                signal_no_SA_RESTART_empty_mask
 .text.get_mono
                0x000000000001a658       0x28 libbb/lib.a(time.o)
 .text.parse_datestr
                0x000000000001a680      0x444 libbb/lib.a(time.o)
                0x000000000001a680                parse_datestr
 .text.validate_tm_time
                0x000000000001aac4       0x28 libbb/lib.a(time.o)
                0x000000000001aac4                validate_tm_time
 .text.strftime_HHMMSS
                0x000000000001aaec       0x48 libbb/lib.a(time.o)
                0x000000000001aaec                strftime_HHMMSS
 .text.strftime_YYYYMMDDHHMMSS
                0x000000000001ab34       0x48 libbb/lib.a(time.o)
                0x000000000001ab34                strftime_YYYYMMDDHHMMSS
 .text.monotonic_us
                0x000000000001ab7c       0x34 libbb/lib.a(time.o)
                0x000000000001ab7c                monotonic_us
 .text.monotonic_ms
                0x000000000001abb0       0x34 libbb/lib.a(time.o)
                0x000000000001abb0                monotonic_ms
 .text.monotonic_sec
                0x000000000001abe4       0x18 libbb/lib.a(time.o)
                0x000000000001abe4                monotonic_sec
 .text.handle_errors.isra.0
                0x000000000001abfc       0x60 libbb/lib.a(bb_strtonum.o)
 .text.bb_strtoull
                0x000000000001ac5c       0x74 libbb/lib.a(bb_strtonum.o)
                0x000000000001ac5c                bb_strtoull
 .text.bb_strtoll
                0x000000000001acd0       0x80 libbb/lib.a(bb_strtonum.o)
                0x000000000001acd0                bb_strtoll
 .text.bb_strtoul
                0x000000000001ad50       0x6c libbb/lib.a(bb_strtonum.o)
                0x000000000001ad50                bb_strtoul
 .text.bb_strtol
                0x000000000001adbc       0x78 libbb/lib.a(bb_strtonum.o)
                0x000000000001adbc                bb_strtol
 .text.sleep10  0x000000000001ae34        0x8 loginutils/lib.a(getty.o)
 .text.bcode    0x000000000001ae3c       0x20 loginutils/lib.a(getty.o)
 .text.set_tty_attrs
                0x000000000001ae5c       0x2c loginutils/lib.a(getty.o)
 .text.finalize_tty_attrs
                0x000000000001ae88       0x80 loginutils/lib.a(getty.o)
 .text.alarm_handler
                0x000000000001af08       0x10 loginutils/lib.a(getty.o)
 .text.getty_main
                0x000000000001af18      0x774 loginutils/lib.a(getty.o)
                0x000000000001af18                getty_main
 .text.alarm_handler
                0x000000000001b68c       0x3c loginutils/lib.a(login.o)
 .text.login_main
                0x000000000001b6c8      0x4f4 loginutils/lib.a(login.o)
                0x000000000001b6c8                login_main
 .text.passwd_main
                0x000000000001bbbc      0x494 loginutils/lib.a(passwd.o)
                0x000000000001bbbc                passwd_main
 .text.su_main  0x000000000001c050      0x264 loginutils/lib.a(su.o)
                0x000000000001c050                su_main
 .text.sulogin_main
                0x000000000001c2b4      0x148 loginutils/lib.a(sulogin.o)
                0x000000000001c2b4                sulogin_main
 .text.crondlog
                0x000000000001c3fc       0x48 miscutils/lib.a(crond.o)
 .text.log8     0x000000000001c444       0x2c miscutils/lib.a(crond.o)
 .text.log5     0x000000000001c470       0x2c miscutils/lib.a(crond.o)
 .text.reopen_logfile_to_stderr
                0x000000000001c49c       0x34 miscutils/lib.a(crond.o)
 .text.delete_cronfile
                0x000000000001c4d0       0xa8 miscutils/lib.a(crond.o)
 .text.ParseField
                0x000000000001c578      0x1f4 miscutils/lib.a(crond.o)
 .text.start_one_job
                0x000000000001c76c      0x15c miscutils/lib.a(crond.o)
 .text.log7.constprop.0
                0x000000000001c8c8       0x30 miscutils/lib.a(crond.o)
 .text.load_crontab
                0x000000000001c8f8      0x2f0 miscutils/lib.a(crond.o)
 .text.rescan_crontab_dir
                0x000000000001cbe8       0xb0 miscutils/lib.a(crond.o)
 .text.crond_main
                0x000000000001cc98      0x438 miscutils/lib.a(crond.o)
                0x000000000001cc98                crond_main
 .text.edit_file
                0x000000000001d0d0       0x9c miscutils/lib.a(crontab.o)
 .text.crontab_main
                0x000000000001d16c      0x2ac miscutils/lib.a(crontab.o)
                0x000000000001d16c                crontab_main
 .text.pop      0x000000000001d418       0x40 miscutils/lib.a(dc.o)
 .text.push     0x000000000001d458       0x40 miscutils/lib.a(dc.o)
 .text.divide   0x000000000001d498       0x24 miscutils/lib.a(dc.o)
 .text.mul      0x000000000001d4bc       0x24 miscutils/lib.a(dc.o)
 .text.sub      0x000000000001d4e0       0x24 miscutils/lib.a(dc.o)
 .text.add      0x000000000001d504       0x24 miscutils/lib.a(dc.o)
 .text.eor      0x000000000001d528       0x50 miscutils/lib.a(dc.o)
 .text.not      0x000000000001d578       0x28 miscutils/lib.a(dc.o)
 .text.or       0x000000000001d5a0       0x50 miscutils/lib.a(dc.o)
 .text.and      0x000000000001d5f0       0x50 miscutils/lib.a(dc.o)
 .text.mod      0x000000000001d640       0x58 miscutils/lib.a(dc.o)
 .text.stack_machine
                0x000000000001d698       0x94 miscutils/lib.a(dc.o)
 .text.set_output_base
                0x000000000001d72c       0x64 miscutils/lib.a(dc.o)
 .text.print_base
                0x000000000001d790      0x11c miscutils/lib.a(dc.o)
 .text.print_stack_no_pop
                0x000000000001d8ac       0x3c miscutils/lib.a(dc.o)
 .text.print_no_pop
                0x000000000001d8e8       0x38 miscutils/lib.a(dc.o)
 .text.dc_main  0x000000000001d920       0x78 miscutils/lib.a(dc.o)
                0x000000000001d920                dc_main
 .text.devmem_main
                0x000000000001d998      0x24c miscutils/lib.a(devmem.o)
                0x000000000001d998                devmem_main
 .text.parse_opts
                0x000000000001dbe4       0x34 miscutils/lib.a(hdparm.o)
 .text.parse_opts_0_1
                0x000000000001dc18        0xc miscutils/lib.a(hdparm.o)
 .text.parse_opts_0_INTMAX
                0x000000000001dc24        0xc miscutils/lib.a(hdparm.o)
 .text.translate_xfermode
                0x000000000001dc30       0x88 miscutils/lib.a(hdparm.o)
 .text.read_big_block
                0x000000000001dcb8       0x38 miscutils/lib.a(hdparm.o)
 .text.xprint_ascii
                0x000000000001dcf0       0x88 miscutils/lib.a(hdparm.o)
 .text.mode_loop
                0x000000000001dd78       0x8c miscutils/lib.a(hdparm.o)
 .text.print_value_on_off
                0x000000000001de04       0x3c miscutils/lib.a(hdparm.o)
 .text.identify_from_stdin
                0x000000000001de40       0x94 miscutils/lib.a(hdparm.o)
 .text.dump_identity
                0x000000000001ded4      0x4a0 miscutils/lib.a(hdparm.o)
 .text.seek_to_zero
                0x000000000001e374       0x24 miscutils/lib.a(hdparm.o)
 .text.flush_buffer_cache
                0x000000000001e398       0x6c miscutils/lib.a(hdparm.o)
 .text.do_time  0x000000000001e404      0x1d0 miscutils/lib.a(hdparm.o)
 .text.ioctl_alt_func.constprop.3
                0x000000000001e5d4       0x44 miscutils/lib.a(hdparm.o)
 .text.print_flag_on_off.constprop.2
                0x000000000001e618       0x3c miscutils/lib.a(hdparm.o)
 .text.process_dev
                0x000000000001e654      0xbcc miscutils/lib.a(hdparm.o)
 .text.hdparm_main
                0x000000000001f220      0x3fc miscutils/lib.a(hdparm.o)
                0x000000000001f220                hdparm_main
 .text.i2c_bus_lookup
                0x000000000001f61c       0x14 miscutils/lib.a(i2c_tools.o)
 .text.i2c_dev_open
                0x000000000001f630       0x6c miscutils/lib.a(i2c_tools.o)
 .text.check_funcs_test_end
                0x000000000001f69c       0x3c miscutils/lib.a(i2c_tools.o)
 .text.check_read_funcs
                0x000000000001f6d8       0xf4 miscutils/lib.a(i2c_tools.o)
 .text.i2c_set_slave_addr
                0x000000000001f7cc       0x34 miscutils/lib.a(i2c_tools.o)
 .text.confirm_or_abort
                0x000000000001f800       0x38 miscutils/lib.a(i2c_tools.o)
 .text.confirm_action
                0x000000000001f838       0x84 miscutils/lib.a(i2c_tools.o)
 .text.i2c_smbus_access
                0x000000000001f8bc       0x2c miscutils/lib.a(i2c_tools.o)
 .text.i2c_smbus_read_byte
                0x000000000001f8e8       0x30 miscutils/lib.a(i2c_tools.o)
 .text.i2c_smbus_read_word_data
                0x000000000001f918       0x30 miscutils/lib.a(i2c_tools.o)
 .text.i2c_smbus_read_byte_data
                0x000000000001f948       0x30 miscutils/lib.a(i2c_tools.o)
 .text.list_i2c_busses_and_exit
                0x000000000001f978      0x234 miscutils/lib.a(i2c_tools.o)
 .text.i2cget_main
                0x000000000001fbac      0x210 miscutils/lib.a(i2c_tools.o)
                0x000000000001fbac                i2cget_main
 .text.i2cset_main
                0x000000000001fdbc      0x5c0 miscutils/lib.a(i2c_tools.o)
                0x000000000001fdbc                i2cset_main
 .text.i2cdump_main
                0x000000000002037c      0x6dc miscutils/lib.a(i2c_tools.o)
                0x000000000002037c                i2cdump_main
 .text.i2cdetect_main
                0x0000000000020a58      0x35c miscutils/lib.a(i2c_tools.o)
                0x0000000000020a58                i2cdetect_main
 .text.at_end   0x0000000000020db4       0x78 miscutils/lib.a(less.o)
 .text.safe_lineno
                0x0000000000020e2c       0x34 miscutils/lib.a(less.o)
 .text.opp_bracket
                0x0000000000020e60       0x5c miscutils/lib.a(less.o)
 .text.set_tty_cooked
                0x0000000000020ebc       0x28 miscutils/lib.a(less.o)
 .text.clear_line
                0x0000000000020ee4       0x20 miscutils/lib.a(less.o)
 .text.less_exit
                0x0000000000020f04       0x48 miscutils/lib.a(less.o)
 .text.sig_catcher
                0x0000000000020f4c        0xc miscutils/lib.a(less.o)
 .text.print_statusline
                0x0000000000020f58       0x34 miscutils/lib.a(less.o)
 .text.fill_match_lines
                0x0000000000020f8c       0xa4 miscutils/lib.a(less.o)
 .text.read_lines
                0x0000000000021030      0x354 miscutils/lib.a(less.o)
 .text.goto_lineno
                0x0000000000021384       0xa0 miscutils/lib.a(less.o)
 .text.cap_cur_fline
                0x0000000000021424       0x94 miscutils/lib.a(less.o)
 .text.update_num_lines
                0x00000000000214b8      0x100 miscutils/lib.a(less.o)
 .text.m_status_print
                0x00000000000215b8      0x144 miscutils/lib.a(less.o)
 .text.status_print
                0x00000000000216fc       0xa0 miscutils/lib.a(less.o)
 .text.buffer_print
                0x000000000002179c      0x344 miscutils/lib.a(less.o)
 .text.buffer_fill_and_print
                0x0000000000021ae0       0xdc miscutils/lib.a(less.o)
 .text.reinitialize
                0x0000000000021bbc       0xc4 miscutils/lib.a(less.o)
 .text.change_file
                0x0000000000021c80       0x88 miscutils/lib.a(less.o)
 .text.buffer_down
                0x0000000000021d08       0x54 miscutils/lib.a(less.o)
 .text.buffer_up
                0x0000000000021d5c       0x58 miscutils/lib.a(less.o)
 .text.buffer_to_line
                0x0000000000021db4       0x4c miscutils/lib.a(less.o)
 .text.goto_match
                0x0000000000021e00       0x80 miscutils/lib.a(less.o)
 .text.getch_nowait
                0x0000000000021e80      0x10c miscutils/lib.a(less.o)
 .text.less_getch
                0x0000000000021f8c       0x50 miscutils/lib.a(less.o)
 .text.less_gets
                0x0000000000021fdc       0xd4 miscutils/lib.a(less.o)
 .text.examine_file
                0x00000000000220b0       0x8c miscutils/lib.a(less.o)
 .text.regex_process
                0x000000000002213c      0x128 miscutils/lib.a(less.o)
 .text.less_main
                0x0000000000022264      0x920 miscutils/lib.a(less.o)
                0x0000000000022264                less_main
 .text.get_line
                0x0000000000022b84       0x54 miscutils/lib.a(lsscsi.o)
 .text.lsscsi_main
                0x0000000000022bd8      0x198 miscutils/lib.a(lsscsi.o)
                0x0000000000022bd8                lsscsi_main
 .text.makedevs_main
                0x0000000000022d70      0x454 miscutils/lib.a(makedevs.o)
                0x0000000000022d70                makedevs_main
 .text.microcom_main
                0x00000000000231c4      0x354 miscutils/lib.a(microcom.o)
                0x00000000000231c4                microcom_main
 .text.mt_main  0x0000000000023518      0x130 miscutils/lib.a(mt.o)
                0x0000000000023518                mt_main
 .text.partprobe_main
                0x0000000000023648       0x78 miscutils/lib.a(partprobe.o)
                0x0000000000023648                partprobe_main
 .text.runlevel_main
                0x00000000000236c0       0x8c miscutils/lib.a(runlevel.o)
                0x00000000000236c0                runlevel_main
 .text.index_in_strings_case_insensitive
                0x000000000002374c       0x54 miscutils/lib.a(setserial.o)
 .text.get_numeric
                0x00000000000237a0        0xc miscutils/lib.a(setserial.o)
 .text.serial_ctl
                0x00000000000237ac       0xb0 miscutils/lib.a(setserial.o)
 .text.setserial_main
                0x000000000002385c      0x5e8 miscutils/lib.a(setserial.o)
                0x000000000002385c                setserial_main
 .text.strings_main
                0x0000000000023e44      0x20c miscutils/lib.a(strings.o)
                0x0000000000023e44                strings_main
 .text.ptok     0x0000000000024050       0x20 miscutils/lib.a(time.o)
 .text.run_command
                0x0000000000024070       0xe8 miscutils/lib.a(time.o)
 .text.time_main
                0x0000000000024158      0x550 miscutils/lib.a(time.o)
                0x0000000000024158                time_main
 .text.ubirename_main
                0x00000000000246a8       0xfc miscutils/lib.a(ubirename.o)
                0x00000000000246a8                ubirename_main
 .text.watchdog_shutdown
                0x00000000000247a4       0x28 miscutils/lib.a(watchdog.o)
 .text.watchdog_main
                0x00000000000247cc      0x134 miscutils/lib.a(watchdog.o)
                0x00000000000247cc                watchdog_main
 .text.insmod_main
                0x0000000000024900       0x58 modutils/lib.a(insmod.o)
                0x0000000000024900                insmod_main
 .text.lsmod_main
                0x0000000000024958      0x124 modutils/lib.a(lsmod.o)
                0x0000000000024958                lsmod_main
 .text.read_config
                0x0000000000024a7c       0x28 modutils/lib.a(modprobe.o)
 .text.gather_options_str
                0x0000000000024aa4       0x64 modutils/lib.a(modprobe.o)
 .text.load_modules_dep
                0x0000000000024b08      0x12c modutils/lib.a(modprobe.o)
 .text.get_or_add_modentry
                0x0000000000024c34       0x18 modutils/lib.a(modprobe.o)
 .text.add_probe
                0x0000000000024c4c       0x80 modutils/lib.a(modprobe.o)
 .text.config_file_action
                0x0000000000024ccc      0x1f4 modutils/lib.a(modprobe.o)
 .text.do_modprobe
                0x0000000000024ec0      0x30c modutils/lib.a(modprobe.o)
 .text.modprobe_main
                0x00000000000251cc      0x394 modutils/lib.a(modprobe.o)
                0x00000000000251cc                modprobe_main
 .text.moddb_free
                0x0000000000025560       0x48 modutils/lib.a(modutils.o)
                0x0000000000025560                moddb_free
 .text.replace  0x00000000000255a8       0x1c modutils/lib.a(modutils.o)
                0x00000000000255a8                replace
 .text.string_to_llist
                0x00000000000255c4       0x60 modutils/lib.a(modutils.o)
                0x00000000000255c4                string_to_llist
 .text.filename2modname
                0x0000000000025624       0x70 modutils/lib.a(modutils.o)
                0x0000000000025624                filename2modname
 .text.helper_get_module
                0x0000000000025694       0xa0 modutils/lib.a(modutils.o)
 .text.moddb_get
                0x0000000000025734        0x8 modutils/lib.a(modutils.o)
                0x0000000000025734                moddb_get
 .text.moddb_get_or_create
                0x000000000002573c        0x8 modutils/lib.a(modutils.o)
                0x000000000002573c                moddb_get_or_create
 .text.parse_cmdline_module_options
                0x0000000000025744       0xc4 modutils/lib.a(modutils.o)
                0x0000000000025744                parse_cmdline_module_options
 .text.bb_init_module
                0x0000000000025808       0xc4 modutils/lib.a(modutils.o)
                0x0000000000025808                bb_init_module
 .text.bb_delete_module
                0x00000000000258cc       0x30 modutils/lib.a(modutils.o)
                0x00000000000258cc                bb_delete_module
 .text.moderror
                0x00000000000258fc       0x74 modutils/lib.a(modutils.o)
                0x00000000000258fc                moderror
 .text.rmmod_main
                0x0000000000025970       0xc8 modutils/lib.a(rmmod.o)
                0x0000000000025970                rmmod_main
 .text.arp_show
                0x0000000000025a38      0x2e0 networking/lib.a(arp.o)
 .text.arp_main
                0x0000000000025d18      0x5ec networking/lib.a(arp.o)
                0x0000000000025d18                arp_main
 .text.finish   0x0000000000026304       0x98 networking/lib.a(arping.o)
 .text.catcher  0x000000000002639c      0x170 networking/lib.a(arping.o)
 .text.arping_main
                0x000000000002650c      0x768 networking/lib.a(arping.o)
                0x000000000002650c                arping_main
 .text.undot    0x0000000000026c74       0x40 networking/lib.a(dnsd.o)
 .text.dnsd_main
                0x0000000000026cb4      0x574 networking/lib.a(dnsd.o)
                0x0000000000026cb4                dnsd_main
 .text.ether_wake_main
                0x0000000000027228      0x2bc networking/lib.a(ether-wake.o)
                0x0000000000027228                ether_wake_main
 .text.do_sethostname
                0x00000000000274e4       0x94 networking/lib.a(hostname.o)
 .text.hostname_main
                0x0000000000027578      0x178 networking/lib.a(hostname.o)
                0x0000000000027578                hostname_main
 .text.ifconfig_main
                0x00000000000276f0      0x4ac networking/lib.a(ifconfig.o)
                0x00000000000276f0                ifconfig_main
 .text.manual_up_down6
                0x0000000000027b9c        0x8 networking/lib.a(ifupdown.o)
 .text.check    0x0000000000027ba4        0xc networking/lib.a(ifupdown.o)
 .text.doit     0x0000000000027bb0       0xac networking/lib.a(ifupdown.o)
 .text.execute_all
                0x0000000000027c5c       0x6c networking/lib.a(ifupdown.o)
 .text.setlocalenv
                0x0000000000027cc8       0x74 networking/lib.a(ifupdown.o)
 .text.set_environ
                0x0000000000027d3c      0x170 networking/lib.a(ifupdown.o)
 .text.iface_down
                0x0000000000027eac       0xb0 networking/lib.a(ifupdown.o)
 .text.iface_up
                0x0000000000027f5c       0xb0 networking/lib.a(ifupdown.o)
 .text.next_word
                0x000000000002800c       0x5c networking/lib.a(ifupdown.o)
 .text.find_iface_state
                0x0000000000028068       0x44 networking/lib.a(ifupdown.o)
 .text.strncmpz
                0x00000000000280ac       0x20 networking/lib.a(ifupdown.o)
 .text.get_var  0x00000000000280cc       0x94 networking/lib.a(ifupdown.o)
 .text.addstr   0x0000000000028160       0x58 networking/lib.a(ifupdown.o)
 .text.execute  0x00000000000281b8      0x2dc networking/lib.a(ifupdown.o)
 .text.loopback_down6
                0x0000000000028494       0x14 networking/lib.a(ifupdown.o)
 .text.static_down6
                0x00000000000284a8        0x4 networking/lib.a(ifupdown.o)
 .text.loopback_up6
                0x00000000000284ac       0x48 networking/lib.a(ifupdown.o)
 .text.static_up6
                0x00000000000284f4       0x60 networking/lib.a(ifupdown.o)
 .text.v4tunnel_down
                0x0000000000028554       0x14 networking/lib.a(ifupdown.o)
 .text.v4tunnel_up
                0x0000000000028568       0x78 networking/lib.a(ifupdown.o)
 .text.loopback_down
                0x00000000000285e0       0x48 networking/lib.a(ifupdown.o)
 .text.loopback_up
                0x0000000000028628       0x48 networking/lib.a(ifupdown.o)
 .text.dhcp_up  0x0000000000028670       0x40 networking/lib.a(ifupdown.o)
 .text.bootp_up
                0x00000000000286b0       0x14 networking/lib.a(ifupdown.o)
 .text.static_down
                0x00000000000286c4       0x48 networking/lib.a(ifupdown.o)
 .text.static_up
                0x000000000002870c       0x60 networking/lib.a(ifupdown.o)
 .text.ppp_down
                0x000000000002876c       0x14 networking/lib.a(ifupdown.o)
 .text.ppp_up   0x0000000000028780       0x14 networking/lib.a(ifupdown.o)
 .text.wvdial_down
                0x0000000000028794       0x14 networking/lib.a(ifupdown.o)
 .text.wvdial_up
                0x00000000000287a8       0x14 networking/lib.a(ifupdown.o)
 .text.dhcp_down
                0x00000000000287bc       0x4c networking/lib.a(ifupdown.o)
 .text.popen2   0x0000000000028808       0xb4 networking/lib.a(ifupdown.o)
 .text.read_iface_state
                0x00000000000288bc       0x68 networking/lib.a(ifupdown.o)
 .text.read_interfaces
                0x0000000000028924      0x4c0 networking/lib.a(ifupdown.o)
 .text.manual_up_down
                0x0000000000028de4        0x8 networking/lib.a(ifupdown.o)
 .text.link_up_down
                0x0000000000028dec        0x8 networking/lib.a(ifupdown.o)
 .text.ifupdown_main
                0x0000000000028df4      0x56c networking/lib.a(ifupdown.o)
                0x0000000000028df4                ifupdown_main
 .text.remove_fd_from_set
                0x0000000000029360       0x44 networking/lib.a(inetd.o)
 .text.init_ring
                0x00000000000293a4       0x34 networking/lib.a(inetd.o)
 .text.discard_dg
                0x00000000000293d8       0x14 networking/lib.a(inetd.o)
 .text.maybe_close
                0x00000000000293ec        0xc networking/lib.a(inetd.o)
 .text.free_servtab_strings
                0x00000000000293f8       0x5c networking/lib.a(inetd.o)
 .text.bump_nofile
                0x0000000000029454       0xbc networking/lib.a(inetd.o)
 .text.add_fd_to_set
                0x0000000000029510       0x7c networking/lib.a(inetd.o)
 .text.clean_up_and_exit
                0x000000000002958c       0x50 networking/lib.a(inetd.o)
 .text.reap_child
                0x00000000000295dc       0xb8 networking/lib.a(inetd.o)
 .text.daytime_dg
                0x0000000000029694       0xa8 networking/lib.a(inetd.o)
 .text.daytime_stream
                0x000000000002973c       0x34 networking/lib.a(inetd.o)
 .text.machtime_dg
                0x0000000000029770       0x9c networking/lib.a(inetd.o)
 .text.discard_stream
                0x000000000002980c       0x2c networking/lib.a(inetd.o)
 .text.echo_stream
                0x0000000000029838       0x38 networking/lib.a(inetd.o)
 .text.echo_dg  0x0000000000029870       0x8c networking/lib.a(inetd.o)
 .text.xzalloc_lsa
                0x00000000000298fc       0x34 networking/lib.a(inetd.o)
 .text.block_CHLD_HUP_ALRM
                0x0000000000029930       0x44 networking/lib.a(inetd.o)
 .text.restore_sigmask
                0x0000000000029974       0x10 networking/lib.a(inetd.o)
 .text.rearm_alarm
                0x0000000000029984       0x30 networking/lib.a(inetd.o)
 .text.prepare_socket_fd
                0x00000000000299b4       0xb8 networking/lib.a(inetd.o)
 .text.retry_network_setup
                0x0000000000029a6c       0x60 networking/lib.a(inetd.o)
 .text.chargen_dg
                0x0000000000029acc      0x100 networking/lib.a(inetd.o)
 .text.chargen_stream
                0x0000000000029bcc       0x9c networking/lib.a(inetd.o)
 .text.machtime_stream
                0x0000000000029c68       0x44 networking/lib.a(inetd.o)
 .text.parse_one_line
                0x0000000000029cac      0x4a0 networking/lib.a(inetd.o)
 .text.reread_config_file
                0x000000000002a14c      0x404 networking/lib.a(inetd.o)
 .text.inetd_main
                0x000000000002a550      0x924 networking/lib.a(inetd.o)
                0x000000000002a550                inetd_main
 .text.UNSPEC_print
                0x000000000002ae74       0x54 networking/lib.a(interface.o)
 .text.UNSPEC_sprint
                0x000000000002aec8       0x2c networking/lib.a(interface.o)
 .text.INET6_input
                0x000000000002aef4        0x4 networking/lib.a(interface.o)
 .text.INET6_sprint
                0x000000000002aef8       0x34 networking/lib.a(interface.o)
 .text.INET_input
                0x000000000002af2c        0x8 networking/lib.a(interface.o)
 .text.INET_sprint
                0x000000000002af34       0x38 networking/lib.a(interface.o)
 .text.ether_print
                0x000000000002af6c       0x40 networking/lib.a(interface.o)
 .text.in_ib    0x000000000002afac       0x28 networking/lib.a(interface.o)
                0x000000000002afac                in_ib
 .text.add_interface
                0x000000000002afd4       0x90 networking/lib.a(interface.o)
 .text.if_readconf
                0x000000000002b064       0xcc networking/lib.a(interface.o)
 .text.if_readlist_proc
                0x000000000002b130      0x278 networking/lib.a(interface.o)
 .text.do_if_fetch
                0x000000000002b3a8      0x29c networking/lib.a(interface.o)
 .text.print_bytes_scaled
                0x000000000002b644       0x88 networking/lib.a(interface.o)
 .text.get_aftype
                0x000000000002b6cc       0x38 networking/lib.a(interface.o)
                0x000000000002b6cc                get_aftype
 .text.get_hwtype
                0x000000000002b704       0x38 networking/lib.a(interface.o)
                0x000000000002b704                get_hwtype
 .text.get_hwntype
                0x000000000002b73c       0x28 networking/lib.a(interface.o)
                0x000000000002b73c                get_hwntype
 .text.ife_print
                0x000000000002b764      0x5cc networking/lib.a(interface.o)
 .text.display_interfaces
                0x000000000002bd30       0xdc networking/lib.a(interface.o)
                0x000000000002bd30                display_interfaces
 .text.ip_do    0x000000000002be0c       0x1c networking/lib.a(ip.o)
 .text.ip_print_help
                0x000000000002be28        0x8 networking/lib.a(ip.o)
 .text.ipaddr_main
                0x000000000002be30        0xc networking/lib.a(ip.o)
                0x000000000002be30                ipaddr_main
 .text.iplink_main
                0x000000000002be3c        0xc networking/lib.a(ip.o)
                0x000000000002be3c                iplink_main
 .text.iproute_main
                0x000000000002be48        0xc networking/lib.a(ip.o)
                0x000000000002be48                iproute_main
 .text.iprule_main
                0x000000000002be54        0xc networking/lib.a(ip.o)
                0x000000000002be54                iprule_main
 .text.iptunnel_main
                0x000000000002be60        0xc networking/lib.a(ip.o)
                0x000000000002be60                iptunnel_main
 .text.ipneigh_main
                0x000000000002be6c        0xc networking/lib.a(ip.o)
                0x000000000002be6c                ipneigh_main
 .text.ip_main  0x000000000002be78       0x4c networking/lib.a(ip.o)
                0x000000000002be78                ip_main
 .text.prepend_new_eth_table
                0x000000000002bec4       0xb8 networking/lib.a(nameif.o)
 .text.nameif_main
                0x000000000002bf7c      0x2a0 networking/lib.a(nameif.o)
                0x000000000002bf7c                nameif_main
 .text.unix_do_one
                0x000000000002c21c      0x244 networking/lib.a(netstat.o)
 .text.build_ipv6_addr
                0x000000000002c460       0x64 networking/lib.a(netstat.o)
 .text.ip_port_str
                0x000000000002c4c4       0x88 networking/lib.a(netstat.o)
 .text.print_inet_line
                0x000000000002c54c       0xb8 networking/lib.a(netstat.o)
 .text.do_info  0x000000000002c604       0x84 networking/lib.a(netstat.o)
 .text.scan_inet_proc_line
                0x000000000002c688       0xd0 networking/lib.a(netstat.o)
 .text.raw_do_one
                0x000000000002c758       0x94 networking/lib.a(netstat.o)
 .text.udp_do_one
                0x000000000002c7ec       0xc4 networking/lib.a(netstat.o)
 .text.tcp_do_one
                0x000000000002c8b0       0x64 networking/lib.a(netstat.o)
 .text.netstat_main
                0x000000000002c914      0x200 networking/lib.a(netstat.o)
                0x000000000002c914                netstat_main
 .text.set_default_dns
                0x000000000002cb14       0x64 networking/lib.a(nslookup.o)
 .text.print_host
                0x000000000002cb78      0x104 networking/lib.a(nslookup.o)
 .text.nslookup_main
                0x000000000002cc7c       0x98 networking/lib.a(nslookup.o)
                0x000000000002cc7c                nslookup_main
 .text.print_stats_and_exit
                0x000000000002cd14       0xf8 networking/lib.a(ping.o)
 .text.sendping4
                0x000000000002ce0c      0x170 networking/lib.a(ping.o)
 .text.ping_main
                0x000000000002cf7c      0x558 networking/lib.a(ping.o)
                0x000000000002cf7c                ping_main
 .text.set_flags
                0x000000000002d4d4       0x30 networking/lib.a(route.o)
 .text.kw_lookup
                0x000000000002d504       0x80 networking/lib.a(route.o)
 .text.INET6_displayroutes
                0x000000000002d584      0x200 networking/lib.a(route.o)
 .text.INET6_setroute
                0x000000000002d784      0x280 networking/lib.a(route.o)
 .text.INET_setroute
                0x000000000002da04      0x3a4 networking/lib.a(route.o)
 .text.bb_displayroutes
                0x000000000002dda8      0x1e4 networking/lib.a(route.o)
                0x000000000002dda8                bb_displayroutes
 .text.route_main
                0x000000000002df8c      0x154 networking/lib.a(route.o)
                0x000000000002df8c                route_main
 .text.ssl_client_main
                0x000000000002e0e0       0xa0 networking/lib.a(ssl_client.o)
                0x000000000002e0e0                ssl_client_main
 .text.put_iac  0x000000000002e180       0x1c networking/lib.a(telnet.o)
 .text.iac_flush
                0x000000000002e19c       0x34 networking/lib.a(telnet.o)
 .text.put_iac2_merged
                0x000000000002e1d0       0x3c networking/lib.a(telnet.o)
 .text.rawmode  0x000000000002e20c       0x24 networking/lib.a(telnet.o)
 .text.cookmode
                0x000000000002e230       0x24 networking/lib.a(telnet.o)
 .text.setConMode
                0x000000000002e254       0x78 networking/lib.a(telnet.o)
 .text.con_escape
                0x000000000002e2cc      0x13c networking/lib.a(telnet.o)
 .text.handle_net_output
                0x000000000002e408       0x90 networking/lib.a(telnet.o)
 .text.telnet_main
                0x000000000002e498      0x620 networking/lib.a(telnet.o)
                0x000000000002e498                telnet_main
 .text.tftp_blksize_check
                0x000000000002eab8       0x54 networking/lib.a(tftp.o)
 .text.tftp_main
                0x000000000002eb0c      0x728 networking/lib.a(tftp.o)
                0x000000000002eb0c                tftp_main
 .text.get_der_len
                0x000000000002f234       0x70 networking/lib.a(tls.o)
 .text.enter_der_item
                0x000000000002f2a4       0x30 networking/lib.a(tls.o)
 .text.skip_der_item
                0x000000000002f2d4       0x24 networking/lib.a(tls.o)
 .text.tls_get_outbuf
                0x000000000002f2f8       0x40 networking/lib.a(tls.o)
 .text.xwrite_handshake_record
                0x000000000002f338       0x34 networking/lib.a(tls.o)
 .text.der_binary_to_pstm
                0x000000000002f36c       0x38 networking/lib.a(tls.o)
 .text.hmac_begin
                0x000000000002f3a4       0xdc networking/lib.a(tls.o)
 .text.hmac_sha_precomputed_v
                0x000000000002f480       0x60 networking/lib.a(tls.o)
 .text.hmac     0x000000000002f4e0       0x64 networking/lib.a(tls.o)
 .text.tls_xread_record
                0x000000000002f544      0x298 networking/lib.a(tls.o)
 .text.bad_record_die.isra.4
                0x000000000002f7dc       0x68 networking/lib.a(tls.o)
 .text.tls_xread_handshake_block
                0x000000000002f844       0x54 networking/lib.a(tls.o)
 .text.hmac_sha256.constprop.6
                0x000000000002f898       0x4c networking/lib.a(tls.o)
 .text.prf_hmac_sha256.constprop.5
                0x000000000002f8e4       0xfc networking/lib.a(tls.o)
 .text.tls_get_random
                0x000000000002f9e0       0x28 networking/lib.a(tls.o)
                0x000000000002f9e0                tls_get_random
 .text.xwrite_encrypted
                0x000000000002fa08      0x108 networking/lib.a(tls.o)
 .text.xwrite_and_update_handshake_hash
                0x000000000002fb10       0x3c networking/lib.a(tls.o)
 .text.tls_handshake
                0x000000000002fb4c      0x710 networking/lib.a(tls.o)
                0x000000000002fb4c                tls_handshake
 .text.tls_run_copy_loop
                0x000000000003025c      0x13c networking/lib.a(tls.o)
                0x000000000003025c                tls_run_copy_loop
 .text.Subword  0x0000000000030398       0x34 networking/lib.a(tls_aes.o)
 .text.AddRoundKey
                0x00000000000303cc       0x58 networking/lib.a(tls_aes.o)
 .text.KeyExpansion
                0x0000000000030424       0xc0 networking/lib.a(tls_aes.o)
 .text.aes_cbc_encrypt
                0x00000000000304e4      0x274 networking/lib.a(tls_aes.o)
                0x00000000000304e4                aes_cbc_encrypt
 .text.aes_cbc_decrypt
                0x0000000000030758      0x39c networking/lib.a(tls_aes.o)
                0x0000000000030758                aes_cbc_decrypt
 .text.pstm_init_size
                0x0000000000030af4       0x28 networking/lib.a(tls_pstm.o)
                0x0000000000030af4                pstm_init_size
 .text.pstm_init
                0x0000000000030b1c       0x28 networking/lib.a(tls_pstm.o)
                0x0000000000030b1c                pstm_init
 .text.pstm_grow
                0x0000000000030b44       0x5c networking/lib.a(tls_pstm.o)
                0x0000000000030b44                pstm_grow
 .text.pstm_copy
                0x0000000000030ba0       0xa0 networking/lib.a(tls_pstm.o)
                0x0000000000030ba0                pstm_copy
 .text.pstm_clamp
                0x0000000000030c40       0x34 networking/lib.a(tls_pstm.o)
                0x0000000000030c40                pstm_clamp
 .text.s_pstm_add
                0x0000000000030c74      0x160 networking/lib.a(tls_pstm.o)
 .text.pstm_clear
                0x0000000000030dd4       0x50 networking/lib.a(tls_pstm.o)
                0x0000000000030dd4                pstm_clear
 .text.pstm_zero
                0x0000000000030e24       0x2c networking/lib.a(tls_pstm.o)
                0x0000000000030e24                pstm_zero
 .text.pstm_cmp_mag
                0x0000000000030e50       0x8c networking/lib.a(tls_pstm.o)
                0x0000000000030e50                pstm_cmp_mag
 .text.pstm_cmp
                0x0000000000030edc       0x40 networking/lib.a(tls_pstm.o)
                0x0000000000030edc                pstm_cmp
 .text.pstm_init_for_read_unsigned_bin
                0x0000000000030f1c        0xc networking/lib.a(tls_pstm.o)
                0x0000000000030f1c                pstm_init_for_read_unsigned_bin
 .text.pstm_read_unsigned_bin
                0x0000000000030f28       0x7c networking/lib.a(tls_pstm.o)
                0x0000000000030f28                pstm_read_unsigned_bin
 .text.pstm_count_bits
                0x0000000000030fa4       0x3c networking/lib.a(tls_pstm.o)
                0x0000000000030fa4                pstm_count_bits
 .text.pstm_unsigned_bin_size
                0x0000000000030fe0       0x24 networking/lib.a(tls_pstm.o)
                0x0000000000030fe0                pstm_unsigned_bin_size
 .text.pstm_set
                0x0000000000031004       0x28 networking/lib.a(tls_pstm.o)
                0x0000000000031004                pstm_set
 .text.pstm_rshd
                0x000000000003102c       0xb4 networking/lib.a(tls_pstm.o)
                0x000000000003102c                pstm_rshd
 .text.pstm_lshd
                0x00000000000310e0       0x8c networking/lib.a(tls_pstm.o)
                0x00000000000310e0                pstm_lshd
 .text.pstm_mul_2d
                0x000000000003116c       0xd8 networking/lib.a(tls_pstm.o)
 .text.pstm_2expt
                0x0000000000031244       0x70 networking/lib.a(tls_pstm.o)
                0x0000000000031244                pstm_2expt
 .text.pstm_mul_2
                0x00000000000312b4       0xd4 networking/lib.a(tls_pstm.o)
                0x00000000000312b4                pstm_mul_2
 .text.s_pstm_sub
                0x0000000000031388      0x114 networking/lib.a(tls_pstm.o)
                0x0000000000031388                s_pstm_sub
 .text.pstm_sub
                0x000000000003149c       0x6c networking/lib.a(tls_pstm.o)
                0x000000000003149c                pstm_sub
 .text.pstm_montgomery_setup
                0x0000000000031508       0x60 networking/lib.a(tls_pstm.o)
                0x0000000000031508                pstm_montgomery_setup
 .text.pstm_montgomery_calc_normalization
                0x0000000000031568       0xc8 networking/lib.a(tls_pstm.o)
                0x0000000000031568                pstm_montgomery_calc_normalization
 .text.pstm_mul_d
                0x0000000000031630       0xe4 networking/lib.a(tls_pstm.o)
                0x0000000000031630                pstm_mul_d
 .text.pstm_div_2d
                0x0000000000031714      0x184 networking/lib.a(tls_pstm.o)
                0x0000000000031714                pstm_div_2d
 .text.pstm_init_copy
                0x0000000000031898       0x58 networking/lib.a(tls_pstm.o)
                0x0000000000031898                pstm_init_copy
 .text.pstm_exch
                0x00000000000318f0       0x30 networking/lib.a(tls_pstm.o)
                0x00000000000318f0                pstm_exch
 .text.pstm_add
                0x0000000000031920       0x5c networking/lib.a(tls_pstm.o)
                0x0000000000031920                pstm_add
 .text.pstm_div
                0x000000000003197c      0x524 networking/lib.a(tls_pstm.o)
                0x000000000003197c                pstm_div
 .text.pstm_mod
                0x0000000000031ea0       0x90 networking/lib.a(tls_pstm.o)
                0x0000000000031ea0                pstm_mod
 .text.pstm_mulmod
                0x0000000000031f30       0x98 networking/lib.a(tls_pstm.o)
                0x0000000000031f30                pstm_mulmod
 .text.pstm_exptmod
                0x0000000000031fc8      0x534 networking/lib.a(tls_pstm.o)
                0x0000000000031fc8                pstm_exptmod
 .text.pstm_to_unsigned_bin
                0x00000000000324fc       0xb0 networking/lib.a(tls_pstm.o)
                0x00000000000324fc                pstm_to_unsigned_bin
 .text.pstm_montgomery_reduce